

================================================================
== Synthesis Summary Report of 'tiled_conv'
================================================================
+ General Information: 
    * Date:           Tue Mar 28 08:18:57 2023
    * Version:        2020.2.2 (Build 3118627 on Tue Feb  9 05:13:49 MST 2021)
    * Project:        proj
    * Solution:       solution1 (Vivado IP Flow Target)
    * Product family: zynq
    * Target device:  xc7z020-clg400-1
    

+ Performance & Resource Estimates: 
    
    PS: '+' for module; 'o' for loop; '*' for dataflow
    +------------------------------------------------------------------+--------+-------+------------+-----------+----------+------------+------+----------+----------+---------+-----------+-------------+-----+
    |                              Modules                             |  Issue |       |  Latency   |  Latency  | Iteration|            | Trip |          |          |         |           |             |     |
    |                              & Loops                             |  Type  | Slack |  (cycles)  |    (ns)   |  Latency |  Interval  | Count| Pipelined|   BRAM   |   DSP   |     FF    |     LUT     | URAM|
    +------------------------------------------------------------------+--------+-------+------------+-----------+----------+------------+------+----------+----------+---------+-----------+-------------+-----+
    |+ tiled_conv                                                      |  Timing|   0.00|  1486053377|  1.486e+10|         -|  1486053378|     -|        no|  34 (12%)|  12 (5%)|  6737 (6%)|  10347 (19%)|    -|
    | + grp_conv_7x7_fu_937                                            |       -|  -0.14|      171121|  1.711e+06|         -|      171121|     -|        no|         -|   7 (3%)|  768 (~0%)|    1694 (3%)|    -|
    |  o HEIGHT_WIDTH_KERNEL                                           |       -|  -7.30|      171120|  1.711e+06|        93|           -|  1840|        no|         -|        -|          -|            -|    -|
    |   o CHANNEL_KERN_I                                               |      II|  -7.30|          89|    890.000|        10|           4|    21|       yes|         -|        -|          -|            -|    -|
    | + grp_load_layer_params_from_DRAM_fu_963                         |  Timing|   0.00|         612|  6.120e+03|         -|         612|     -|        no|         -|        -|  317 (~0%)|     810 (1%)|    -|
    |  o WEIGHT_KERNEL_NUM_WEIGHT_KERNEL_HEIGHT_WEIGHT_KERNEL_WIDTH    |       -|  -7.30|         589|  5.890e+03|         3|           1|   588|       yes|         -|        -|          -|            -|    -|
    |  o BIAS                                                          |       -|  -7.30|           4|     40.000|         2|           1|     4|       yes|         -|        -|          -|            -|    -|
    | o TILE_ROW_TILE_COL_TILE_DEPTH                                   |       -|  -7.30|  1486053376|  1.486e+10|    181403|           -|  8192|        no|         -|        -|          -|            -|    -|
    |  o INPUT_BUFFER_DEPTH_INPUT_BUFFER_HEIGHT_INPUT_BUFFER_WIDTH     |       -|  -7.30|        7186|  7.186e+04|        12|           1|  7176|       yes|         -|        -|          -|            -|    -|
    |  o OUTPUT_BUFFER_DEPTH_OUTPUT_BUFFER_HEIGHT_OUTPUT_BUFFER_WIDTH  |       -|  -7.30|        1860|  1.860e+04|        22|           1|  1840|       yes|         -|        -|          -|            -|    -|
    |  o OUTPUT_BUFFER_DEPTH_OUTPUT_BUFFER_HEIGHT_OUTPUT_BUFFER_WIDTH  |       -|  -7.30|        1860|  1.860e+04|        22|           1|  1840|       yes|         -|        -|          -|            -|    -|
    +------------------------------------------------------------------+--------+-------+------------+-----------+----------+------------+------+----------+----------+---------+-----------+-------------+-----+

