

================================================================
== Synthesis Summary Report of 'tiled_conv'
================================================================
+ General Information: 
    * Date:           Sat Mar 25 14:07:46 2023
    * Version:        2022.1.2 (Build 3605665 on Fri Aug  5 22:52:02 MDT 2022)
    * Project:        proj
    * Solution:       solution1 (Vivado IP Flow Target)
    * Product family: zynq
    * Target device:  xc7z020-clg400-1
    

+ Performance & Resource Estimates: 
    
    PS: '+' for module; 'o' for loop; '*' for dataflow
    +----------------------------------------------------------------------------------------+------+------+----------+-----------+----------+----------+------+----------+----------+---------+-------------+-------------+-----+
    |                                         Modules                                        | Issue|      | Latency  |  Latency  | Iteration|          | Trip |          |          |         |             |             |     |
    |                                         & Loops                                        | Type | Slack| (cycles) |    (ns)   |  Latency | Interval | Count| Pipelined|   BRAM   |   DSP   |      FF     |     LUT     | URAM|
    +----------------------------------------------------------------------------------------+------+------+----------+-----------+----------+----------+------+----------+----------+---------+-------------+-------------+-----+
    |+ tiled_conv                                                                            |     -|  0.00|  64262177|  6.426e+08|         -|  64262178|     -|        no|  58 (20%)|  10 (4%)|  12276 (11%)|  21821 (41%)|    -|
    | o TILE_ROW                                                                             |     -|  7.30|  64262176|  6.426e+08|   4016386|         -|    16|        no|         -|        -|            -|            -|    -|
    |  o TILE_COL                                                                            |     -|  7.30|   4016384|  4.016e+07|    125512|         -|    32|        no|         -|        -|            -|            -|    -|
    |   + load_input_tile_block_from_DRAM                                                    |     -|  0.00|      7190|  7.190e+04|         -|      7190|     -|        no|         -|  1 (~0%)|    7396 (6%)|  10823 (20%)|    -|
    |    + load_input_tile_block_from_DRAM_Pipeline_INPUT_BUFFER_DEPTH_INPUT_BUFFER_HEIGHT   |     -|  0.00|      7188|  7.188e+04|         -|      7188|     -|        no|         -|  1 (~0%)|    4405 (4%)|   6783 (12%)|    -|
    |     o INPUT_BUFFER_DEPTH_INPUT_BUFFER_HEIGHT                                           |    II|  7.30|      7186|  7.186e+04|        57|        46|   156|       yes|         -|        -|            -|            -|    -|
    |   + load_layer_params_from_DRAM                                                        |     -|  0.00|       617|  6.170e+03|         -|       617|     -|        no|         -|        -|    378 (~0%)|    1060 (1%)|    -|
    |    + load_layer_params_from_DRAM_Pipeline_WEIGHT_KERNEL_NUM_WEIGHT_KERNEL_HEIGHT_WEIG  |     -|  0.00|       591|  5.910e+03|         -|       591|     -|        no|         -|        -|     74 (~0%)|    354 (~0%)|    -|
    |     o WEIGHT_KERNEL_NUM_WEIGHT_KERNEL_HEIGHT_WEIGHT_KERNEL_WIDTH                       |     -|  7.30|       589|  5.890e+03|         3|         1|   588|       yes|         -|        -|            -|            -|    -|
    |    + load_layer_params_from_DRAM_Pipeline_BIAS                                         |     -|  0.00|         6|     60.000|         -|         6|     -|        no|         -|        -|     76 (~0%)|     69 (~0%)|    -|
    |     o BIAS                                                                             |     -|  7.30|         4|     40.000|         2|         1|     4|       yes|         -|        -|            -|            -|    -|
    |   + conv_7x7                                                                           |     -|  0.01|      5527|  5.527e+04|         -|      5527|     -|        no|         -|   7 (3%)|    757 (~0%)|    2156 (4%)|    -|
    |    o HEIGHT_WIDTH_KERNEL                                                               |    II|  7.30|      5525|  5.525e+04|         9|         3|  1840|       yes|         -|        -|            -|            -|    -|
    |   + store_output_tile_to_DRAM                                                          |     -|  0.00|      1864|  1.864e+04|         -|      1864|     -|        no|         -|  2 (~0%)|    1455 (1%)|    1730 (3%)|    -|
    |    + store_output_tile_to_DRAM_Pipeline_OUTPUT_BUFFER_DEPTH_OUTPUT_BUFFER_HEIGHT_OUTP  |     -|  0.00|      1862|  1.862e+04|         -|      1862|     -|        no|         -|  2 (~0%)|    1388 (1%)|    1600 (3%)|    -|
    |     o OUTPUT_BUFFER_DEPTH_OUTPUT_BUFFER_HEIGHT_OUTPUT_BUFFER_WIDTH                     |     -|  7.30|      1860|  1.860e+04|        22|         1|  1840|       yes|         -|        -|            -|            -|    -|
    +----------------------------------------------------------------------------------------+------+------+----------+-----------+----------+----------+------+----------+----------+---------+-------------+-------------+-----+


================================================================
== HW Interfaces
================================================================
* M_AXI
+-----------+------------+---------------+---------+--------+----------+-----------+--------------+--------------+-------------+-------------+
| Interface | Data Width | Address Width | Latency | Offset | Register | Max Widen | Max Read     | Max Write    | Num Read    | Num Write   |
|           | (SW->HW)   |               |         |        |          | Bitwidth  | Burst Length | Burst Length | Outstanding | Outstanding |
+-----------+------------+---------------+---------+--------+----------+-----------+--------------+--------------+-------------+-------------+
| m_axi_fm  | 16 -> 16   | 64            | 0       | slave  | 0        | 0         | 16           | 16           | 16          | 16          |
| m_axi_wt  | 16 -> 16   | 64            | 0       | slave  | 0        | 0         | 16           | 16           | 16          | 16          |
+-----------+------------+---------------+---------+--------+----------+-----------+--------------+--------------+-------------+-------------+

* S_AXILITE Interfaces
+---------------+------------+---------------+--------+----------+
| Interface     | Data Width | Address Width | Offset | Register |
+---------------+------------+---------------+--------+----------+
| s_axi_control | 32         | 6             | 16     | 0        |
+---------------+------------+---------------+--------+----------+

* S_AXILITE Registers
+---------------+----------------------+--------+-------+--------+-----------------------------------+----------------------------------------------------------------------+
| Interface     | Register             | Offset | Width | Access | Description                       | Bit Fields                                                           |
+---------------+----------------------+--------+-------+--------+-----------------------------------+----------------------------------------------------------------------+
| s_axi_control | CTRL                 | 0x00   | 32    | RW     | Control signals                   | 0=AP_START 1=AP_DONE 2=AP_IDLE 3=AP_READY 7=AUTO_RESTART 9=INTERRUPT |
| s_axi_control | GIER                 | 0x04   | 32    | RW     | Global Interrupt Enable Register  | 0=Enable                                                             |
| s_axi_control | IP_IER               | 0x08   | 32    | RW     | IP Interrupt Enable Register      | 0=CHAN0_INT_EN 1=CHAN1_INT_EN                                        |
| s_axi_control | IP_ISR               | 0x0c   | 32    | RW     | IP Interrupt Status Register      | 0=CHAN0_INT_ST 1=CHAN1_INT_ST                                        |
| s_axi_control | input_feature_map_1  | 0x10   | 32    | W      | Data signal of input_feature_map  |                                                                      |
| s_axi_control | input_feature_map_2  | 0x14   | 32    | W      | Data signal of input_feature_map  |                                                                      |
| s_axi_control | layer_weights_1      | 0x1c   | 32    | W      | Data signal of layer_weights      |                                                                      |
| s_axi_control | layer_weights_2      | 0x20   | 32    | W      | Data signal of layer_weights      |                                                                      |
| s_axi_control | layer_bias_1         | 0x28   | 32    | W      | Data signal of layer_bias         |                                                                      |
| s_axi_control | layer_bias_2         | 0x2c   | 32    | W      | Data signal of layer_bias         |                                                                      |
| s_axi_control | output_feature_map_1 | 0x34   | 32    | W      | Data signal of output_feature_map |                                                                      |
| s_axi_control | output_feature_map_2 | 0x38   | 32    | W      | Data signal of output_feature_map |                                                                      |
+---------------+----------------------+--------+-------+--------+-----------------------------------+----------------------------------------------------------------------+

* TOP LEVEL CONTROL
+-----------+------------+-----------+
| Interface | Type       | Ports     |
+-----------+------------+-----------+
| ap_clk    | clock      | ap_clk    |
| ap_rst_n  | reset      | ap_rst_n  |
| interrupt | interrupt  | interrupt |
| ap_ctrl   | ap_ctrl_hs |           |
+-----------+------------+-----------+


================================================================
== SW I/O Information
================================================================
* Top Function Arguments
+--------------------+-----------+--------------------------------------+
| Argument           | Direction | Datatype                             |
+--------------------+-----------+--------------------------------------+
| input_feature_map  | inout     | ap_fixed<16, 3, AP_TRN, AP_WRAP, 0>* |
| layer_weights      | in        | ap_fixed<16, 3, AP_TRN, AP_WRAP, 0>* |
| layer_bias         | in        | ap_fixed<16, 3, AP_TRN, AP_WRAP, 0>* |
| output_feature_map | inout     | ap_fixed<16, 3, AP_TRN, AP_WRAP, 0>* |
+--------------------+-----------+--------------------------------------+

* SW-to-HW Mapping
+--------------------+---------------+-----------+----------+------------------------------------------------+
| Argument           | HW Interface  | HW Type   | HW Usage | HW Info                                        |
+--------------------+---------------+-----------+----------+------------------------------------------------+
| input_feature_map  | m_axi_fm      | interface |          |                                                |
| input_feature_map  | s_axi_control | register  | offset   | name=input_feature_map_1 offset=0x10 range=32  |
| input_feature_map  | s_axi_control | register  | offset   | name=input_feature_map_2 offset=0x14 range=32  |
| layer_weights      | m_axi_wt      | interface |          |                                                |
| layer_weights      | s_axi_control | register  | offset   | name=layer_weights_1 offset=0x1c range=32      |
| layer_weights      | s_axi_control | register  | offset   | name=layer_weights_2 offset=0x20 range=32      |
| layer_bias         | m_axi_wt      | interface |          |                                                |
| layer_bias         | s_axi_control | register  | offset   | name=layer_bias_1 offset=0x28 range=32         |
| layer_bias         | s_axi_control | register  | offset   | name=layer_bias_2 offset=0x2c range=32         |
| output_feature_map | m_axi_fm      | interface |          |                                                |
| output_feature_map | s_axi_control | register  | offset   | name=output_feature_map_1 offset=0x34 range=32 |
| output_feature_map | s_axi_control | register  | offset   | name=output_feature_map_2 offset=0x38 range=32 |
+--------------------+---------------+-----------+----------+------------------------------------------------+


================================================================
== M_AXI Burst Information
================================================================
 Note: All burst requests might be further partitioned into multiple requests during RTL generation based on max_read_burst_length or max_write_burst_length settings.

* Inferred Burst Summary
+--------------+-------------------+-----------+--------+-------+----------------+
| HW Interface | Loop              | Direction | Length | Width | Location       |
+--------------+-------------------+-----------+--------+-------+----------------+
| m_axi_wt     | WEIGHT_KERNEL_NUM | read      | 588    | 16    | utils.cpp:77:5 |
| m_axi_wt     | BIAS              | read      | 4      | 16    | utils.cpp:95:5 |
+--------------+-------------------+-----------+--------+-------+----------------+

* Inferred Bursts and Widening Missed
+-------------------------------------------------------+----------+---------------------+-------------------------------------------------------------------------------------------------------+------------+------------------+
| HW Interface                                          | Variable | Loop                | Problem                                                                                               | Resolution | Location         |
+-------------------------------------------------------+----------+---------------------+-------------------------------------------------------------------------------------------------------+------------+------------------+
| m_axi_fm                                              | in_fm    | INPUT_BUFFER_HEIGHT | Access load is in the conditional branch                                                              | 214-232    | utils.cpp:40:9   |
| m_axi_fm                                              | in_fm    | INPUT_BUFFER_HEIGHT | Access load is in the conditional branch                                                              | 214-232    | utils.cpp:40:9   |
| m_axi_fm                                              | in_fm    | INPUT_BUFFER_HEIGHT | Access load is in the conditional branch                                                              | 214-232    | utils.cpp:40:9   |
| m_axi_fm                                              | in_fm    | INPUT_BUFFER_HEIGHT | Access load is in the conditional branch                                                              | 214-232    | utils.cpp:40:9   |
| m_axi_fm                                              | in_fm    | INPUT_BUFFER_HEIGHT | Access load is in the conditional branch                                                              | 214-232    | utils.cpp:40:9   |
| m_axi_fm                                              | in_fm    | INPUT_BUFFER_HEIGHT | Access load is in the conditional branch                                                              | 214-232    | utils.cpp:40:9   |
| m_axi_fm                                              | in_fm    | INPUT_BUFFER_HEIGHT | Access load is in the conditional branch                                                              | 214-232    | utils.cpp:40:9   |
| m_axi_fm                                              | in_fm    | INPUT_BUFFER_HEIGHT | Access load is in the conditional branch                                                              | 214-232    | utils.cpp:40:9   |
| m_axi_fm                                              | in_fm    | INPUT_BUFFER_HEIGHT | Access load is in the conditional branch                                                              | 214-232    | utils.cpp:40:9   |
| m_axi_fm                                              | in_fm    | INPUT_BUFFER_HEIGHT | Access load is in the conditional branch                                                              | 214-232    | utils.cpp:40:9   |
| m_axi_fm                                              | in_fm    | INPUT_BUFFER_HEIGHT | Access load is in the conditional branch                                                              | 214-232    | utils.cpp:40:9   |
| m_axi_fm                                              | in_fm    | INPUT_BUFFER_HEIGHT | Access load is in the conditional branch                                                              | 214-232    | utils.cpp:40:9   |
| m_axi_fm                                              | in_fm    | INPUT_BUFFER_HEIGHT | Access load is in the conditional branch                                                              | 214-232    | utils.cpp:40:9   |
| m_axi_fm                                              | in_fm    | INPUT_BUFFER_HEIGHT | Access load is in the conditional branch                                                              | 214-232    | utils.cpp:40:9   |
| m_axi_fm                                              | in_fm    | INPUT_BUFFER_HEIGHT | Access load is in the conditional branch                                                              | 214-232    | utils.cpp:40:9   |
| m_axi_fm                                              | in_fm    | INPUT_BUFFER_HEIGHT | Access load is in the conditional branch                                                              | 214-232    | utils.cpp:40:9   |
| m_axi_fm                                              | in_fm    | INPUT_BUFFER_HEIGHT | Access load is in the conditional branch                                                              | 214-232    | utils.cpp:40:9   |
| m_axi_fm                                              | in_fm    | INPUT_BUFFER_HEIGHT | Access load is in the conditional branch                                                              | 214-232    | utils.cpp:40:9   |
| m_axi_fm                                              | in_fm    | INPUT_BUFFER_HEIGHT | Access load is in the conditional branch                                                              | 214-232    | utils.cpp:40:9   |
| m_axi_fm                                              | in_fm    | INPUT_BUFFER_HEIGHT | Access load is in the conditional branch                                                              | 214-232    | utils.cpp:40:9   |
| m_axi_fm                                              | in_fm    | INPUT_BUFFER_HEIGHT | Access load is in the conditional branch                                                              | 214-232    | utils.cpp:40:9   |
| m_axi_fm                                              | in_fm    | INPUT_BUFFER_HEIGHT | Access load is in the conditional branch                                                              | 214-232    | utils.cpp:40:9   |
| m_axi_fm                                              | in_fm    | INPUT_BUFFER_HEIGHT | Access load is in the conditional branch                                                              | 214-232    | utils.cpp:40:9   |
| m_axi_fm                                              | in_fm    | INPUT_BUFFER_HEIGHT | Access load is in the conditional branch                                                              | 214-232    | utils.cpp:40:9   |
| m_axi_fm                                              | in_fm    | INPUT_BUFFER_HEIGHT | Access load is in the conditional branch                                                              | 214-232    | utils.cpp:40:9   |
| m_axi_fm                                              | in_fm    | INPUT_BUFFER_HEIGHT | Access load is in the conditional branch                                                              | 214-232    | utils.cpp:40:9   |
| m_axi_fm                                              | in_fm    | INPUT_BUFFER_HEIGHT | Access load is in the conditional branch                                                              | 214-232    | utils.cpp:40:9   |
| m_axi_fm                                              | in_fm    | INPUT_BUFFER_HEIGHT | Access load is in the conditional branch                                                              | 214-232    | utils.cpp:40:9   |
| m_axi_fm                                              | in_fm    | INPUT_BUFFER_HEIGHT | Access load is in the conditional branch                                                              | 214-232    | utils.cpp:40:9   |
| m_axi_fm                                              | in_fm    | INPUT_BUFFER_HEIGHT | Access load is in the conditional branch                                                              | 214-232    | utils.cpp:40:9   |
| m_axi_fm                                              | in_fm    | INPUT_BUFFER_HEIGHT | Access load is in the conditional branch                                                              | 214-232    | utils.cpp:40:9   |
| m_axi_fm                                              | in_fm    | INPUT_BUFFER_HEIGHT | Access load is in the conditional branch                                                              | 214-232    | utils.cpp:40:9   |
| m_axi_fm                                              | in_fm    | INPUT_BUFFER_HEIGHT | Access load is in the conditional branch                                                              | 214-232    | utils.cpp:40:9   |
| m_axi_fm                                              | in_fm    | INPUT_BUFFER_HEIGHT | Access load is in the conditional branch                                                              | 214-232    | utils.cpp:40:9   |
| m_axi_fm                                              | in_fm    | INPUT_BUFFER_HEIGHT | Access load is in the conditional branch                                                              | 214-232    | utils.cpp:40:9   |
| m_axi_fm                                              | in_fm    | INPUT_BUFFER_HEIGHT | Access load is in the conditional branch                                                              | 214-232    | utils.cpp:40:9   |
| m_axi_fm                                              | in_fm    | INPUT_BUFFER_HEIGHT | Access load is in the conditional branch                                                              | 214-232    | utils.cpp:40:9   |
| m_axi_fm                                              | in_fm    | INPUT_BUFFER_HEIGHT | Access load is in the conditional branch                                                              | 214-232    | utils.cpp:40:9   |
| m_axi_fm                                              | in_fm    | INPUT_BUFFER_HEIGHT | Access load is in the conditional branch                                                              | 214-232    | utils.cpp:40:9   |
| m_axi_fm                                              | in_fm    | INPUT_BUFFER_HEIGHT | Access load is in the conditional branch                                                              | 214-232    | utils.cpp:40:9   |
| m_axi_fm                                              | in_fm    | INPUT_BUFFER_HEIGHT | Access load is in the conditional branch                                                              | 214-232    | utils.cpp:40:9   |
| m_axi_fm                                              | in_fm    | INPUT_BUFFER_HEIGHT | Access load is in the conditional branch                                                              | 214-232    | utils.cpp:40:9   |
| m_axi_fm                                              | in_fm    | INPUT_BUFFER_HEIGHT | Access load is in the conditional branch                                                              | 214-232    | utils.cpp:40:9   |
| m_axi_fm                                              | in_fm    | INPUT_BUFFER_HEIGHT | Access load is in the conditional branch                                                              | 214-232    | utils.cpp:40:9   |
| m_axi_fm                                              | in_fm    | INPUT_BUFFER_HEIGHT | Access load is in the conditional branch                                                              | 214-232    | utils.cpp:40:9   |
| m_axi_fm                                              | in_fm    | INPUT_BUFFER_HEIGHT | Access load is in the conditional branch                                                              | 214-232    | utils.cpp:40:9   |
| m_axi_fm,fm,fm,fm,fm,fm,fm,fm,fm,fm,fm,fm,fm,fm,fm,fm | out_fm   | OUTPUT_BUFFER_WIDTH | Access store is in the conditional branch                                                             | 214-232    | utils.cpp:129:13 |
| m_axi_fm,fm,fm,fm,fm,fm,fm,fm,fm,fm,fm,fm,fm,fm,fm,fm | out_fm   | OUTPUT_BUFFER_WIDTH | Access store is in the conditional branch                                                             | 214-232    | utils.cpp:129:13 |
| m_axi_wt,wt,wt,wt,wt,wt,wt,wt,wt,wt,wt,wt,wt,wt,wt,wt | bias     | BIAS                | Could not widen since type i16 size is greater than or equal to the max_widen_bitwidth threshold of 0 | 214-353    | utils.cpp:95:5   |
| m_axi_wt,wt,wt,wt,wt,wt,wt,wt,wt,wt,wt,wt,wt,wt,wt,wt | weights  | WEIGHT_KERNEL_WIDTH | Could not widen since type i16 size is greater than or equal to the max_widen_bitwidth threshold of 0 | 214-353    | utils.cpp:86:14  |
+-------------------------------------------------------+----------+---------------------+-------------------------------------------------------------------------------------------------------+------------+------------------+

    * Resolution URL: www.xilinx.com/cgi-bin/docs/rdoc?v=2022.1;t=hls+guidance;d=XXX-YYY.html (replace XXX-YYY with column value)

================================================================
== Bind Op Report
================================================================
+--------------------------------------------------------------------------------------+-----+--------+--------------------+-----+--------+---------+
| Name                                                                                 | DSP | Pragma | Variable           | Op  | Impl   | Latency |
+--------------------------------------------------------------------------------------+-----+--------+--------------------+-----+--------+---------+
| + tiled_conv                                                                         | 10  |        |                    |     |        |         |
|   ti_2_fu_657_p2                                                                     | -   |        | ti_2               | add | fabric | 0       |
|   tj_1_fu_674_p2                                                                     | -   |        | tj_1               | add | fabric | 0       |
|  + load_input_tile_block_from_DRAM                                                   | 1   |        |                    |     |        |         |
|    mul_5ns_7ns_11_1_1_U113                                                           | -   |        | height_offset      | mul | auto   | 0       |
|    width_offset_fu_447_p2                                                            | -   |        | width_offset       | add | fabric | 0       |
|    input_x_fu_456_p2                                                                 | -   |        | input_x            | add | fabric | 0       |
|    input_x_1_fu_462_p2                                                               | -   |        | input_x_1          | add | fabric | 0       |
|    input_x_2_fu_468_p2                                                               | -   |        | input_x_2          | add | fabric | 0       |
|    input_x_11_fu_509_p2                                                              | -   |        | input_x_11         | add | fabric | 0       |
|    input_x_12_fu_514_p2                                                              | -   |        | input_x_12         | add | fabric | 0       |
|    input_x_13_fu_519_p2                                                              | -   |        | input_x_13         | add | fabric | 0       |
|    input_x_14_fu_524_p2                                                              | -   |        | input_x_14         | add | fabric | 0       |
|    input_x_15_fu_529_p2                                                              | -   |        | input_x_15         | add | fabric | 0       |
|    input_x_16_fu_534_p2                                                              | -   |        | input_x_16         | add | fabric | 0       |
|    input_x_17_fu_539_p2                                                              | -   |        | input_x_17         | add | fabric | 0       |
|    input_x_18_fu_544_p2                                                              | -   |        | input_x_18         | add | fabric | 0       |
|    input_x_19_fu_549_p2                                                              | -   |        | input_x_19         | add | fabric | 0       |
|    input_x_20_fu_554_p2                                                              | -   |        | input_x_20         | add | fabric | 0       |
|    input_x_21_fu_559_p2                                                              | -   |        | input_x_21         | add | fabric | 0       |
|    input_x_22_fu_564_p2                                                              | -   |        | input_x_22         | add | fabric | 0       |
|    input_x_23_fu_569_p2                                                              | -   |        | input_x_23         | add | fabric | 0       |
|    input_x_24_fu_574_p2                                                              | -   |        | input_x_24         | add | fabric | 0       |
|    input_x_25_fu_579_p2                                                              | -   |        | input_x_25         | add | fabric | 0       |
|    input_x_26_fu_584_p2                                                              | -   |        | input_x_26         | add | fabric | 0       |
|    input_x_27_fu_589_p2                                                              | -   |        | input_x_27         | add | fabric | 0       |
|    input_x_28_fu_594_p2                                                              | -   |        | input_x_28         | add | fabric | 0       |
|    input_x_29_fu_599_p2                                                              | -   |        | input_x_29         | add | fabric | 0       |
|    input_x_30_fu_604_p2                                                              | -   |        | input_x_30         | add | fabric | 0       |
|    input_x_31_fu_609_p2                                                              | -   |        | input_x_31         | add | fabric | 0       |
|    input_x_32_fu_614_p2                                                              | -   |        | input_x_32         | add | fabric | 0       |
|    input_x_33_fu_619_p2                                                              | -   |        | input_x_33         | add | fabric | 0       |
|    input_x_34_fu_624_p2                                                              | -   |        | input_x_34         | add | fabric | 0       |
|    input_x_35_fu_629_p2                                                              | -   |        | input_x_35         | add | fabric | 0       |
|    input_x_36_fu_634_p2                                                              | -   |        | input_x_36         | add | fabric | 0       |
|    input_x_37_fu_639_p2                                                              | -   |        | input_x_37         | add | fabric | 0       |
|    input_x_38_fu_644_p2                                                              | -   |        | input_x_38         | add | fabric | 0       |
|    input_x_39_fu_649_p2                                                              | -   |        | input_x_39         | add | fabric | 0       |
|    input_x_40_fu_654_p2                                                              | -   |        | input_x_40         | add | fabric | 0       |
|    input_x_41_fu_659_p2                                                              | -   |        | input_x_41         | add | fabric | 0       |
|    input_x_42_fu_664_p2                                                              | -   |        | input_x_42         | add | fabric | 0       |
|    input_x_43_fu_669_p2                                                              | -   |        | input_x_43         | add | fabric | 0       |
|    input_x_44_fu_674_p2                                                              | -   |        | input_x_44         | add | fabric | 0       |
|    input_x_45_fu_679_p2                                                              | -   |        | input_x_45         | add | fabric | 0       |
|    add_ln42_fu_1326_p2                                                               | -   |        | add_ln42           | add | fabric | 0       |
|    add_ln53_55_fu_1332_p2                                                            | -   |        | add_ln53_55        | add | fabric | 0       |
|    add_ln53_57_fu_1339_p2                                                            | -   |        | add_ln53_57        | add | fabric | 0       |
|    add_ln53_64_fu_1346_p2                                                            | -   |        | add_ln53_64        | add | fabric | 0       |
|    add_ln53_66_fu_1353_p2                                                            | -   |        | add_ln53_66        | add | fabric | 0       |
|    add_ln53_73_fu_1360_p2                                                            | -   |        | add_ln53_73        | add | fabric | 0       |
|    add_ln53_75_fu_1367_p2                                                            | -   |        | add_ln53_75        | add | fabric | 0       |
|    add_ln53_82_fu_1374_p2                                                            | -   |        | add_ln53_82        | add | fabric | 0       |
|    add_ln53_84_fu_1381_p2                                                            | -   |        | add_ln53_84        | add | fabric | 0       |
|    add_ln53_91_fu_1388_p2                                                            | -   |        | add_ln53_91        | add | fabric | 0       |
|    add_ln53_93_fu_1395_p2                                                            | -   |        | add_ln53_93        | add | fabric | 0       |
|    add_ln53_100_fu_1402_p2                                                           | -   |        | add_ln53_100       | add | fabric | 0       |
|    add_ln53_102_fu_1409_p2                                                           | -   |        | add_ln53_102       | add | fabric | 0       |
|    add_ln53_109_fu_1416_p2                                                           | -   |        | add_ln53_109       | add | fabric | 0       |
|    add_ln53_111_fu_1423_p2                                                           | -   |        | add_ln53_111       | add | fabric | 0       |
|    add_ln53_118_fu_1430_p2                                                           | -   |        | add_ln53_118       | add | fabric | 0       |
|    add_ln53_120_fu_1437_p2                                                           | -   |        | add_ln53_120       | add | fabric | 0       |
|    add_ln53_127_fu_1444_p2                                                           | -   |        | add_ln53_127       | add | fabric | 0       |
|    add_ln53_126_fu_1451_p2                                                           | -   |        | add_ln53_126       | add | fabric | 0       |
|    add_ln53_121_fu_1458_p2                                                           | -   |        | add_ln53_121       | add | fabric | 0       |
|    add_ln53_117_fu_1465_p2                                                           | -   |        | add_ln53_117       | add | fabric | 0       |
|    add_ln53_112_fu_1472_p2                                                           | -   |        | add_ln53_112       | add | fabric | 0       |
|    add_ln53_108_fu_1479_p2                                                           | -   |        | add_ln53_108       | add | fabric | 0       |
|    add_ln53_103_fu_1486_p2                                                           | -   |        | add_ln53_103       | add | fabric | 0       |
|    add_ln53_99_fu_1493_p2                                                            | -   |        | add_ln53_99        | add | fabric | 0       |
|    add_ln53_94_fu_1500_p2                                                            | -   |        | add_ln53_94        | add | fabric | 0       |
|    add_ln53_90_fu_1507_p2                                                            | -   |        | add_ln53_90        | add | fabric | 0       |
|    add_ln53_85_fu_1514_p2                                                            | -   |        | add_ln53_85        | add | fabric | 0       |
|    add_ln53_81_fu_1521_p2                                                            | -   |        | add_ln53_81        | add | fabric | 0       |
|    add_ln53_76_fu_1528_p2                                                            | -   |        | add_ln53_76        | add | fabric | 0       |
|    add_ln53_72_fu_1535_p2                                                            | -   |        | add_ln53_72        | add | fabric | 0       |
|    add_ln53_67_fu_1542_p2                                                            | -   |        | add_ln53_67        | add | fabric | 0       |
|    add_ln53_63_fu_1549_p2                                                            | -   |        | add_ln53_63        | add | fabric | 0       |
|    add_ln53_58_fu_1556_p2                                                            | -   |        | add_ln53_58        | add | fabric | 0       |
|    add_ln53_54_fu_1563_p2                                                            | -   |        | add_ln53_54        | add | fabric | 0       |
|    add_ln53_49_fu_1570_p2                                                            | -   |        | add_ln53_49        | add | fabric | 0       |
|    add_ln53_45_fu_1577_p2                                                            | -   |        | add_ln53_45        | add | fabric | 0       |
|    add_ln53_40_fu_1584_p2                                                            | -   |        | add_ln53_40        | add | fabric | 0       |
|    add_ln53_36_fu_1591_p2                                                            | -   |        | add_ln53_36        | add | fabric | 0       |
|    add_ln53_31_fu_1598_p2                                                            | -   |        | add_ln53_31        | add | fabric | 0       |
|    add_ln53_27_fu_1605_p2                                                            | -   |        | add_ln53_27        | add | fabric | 0       |
|    add_ln53_22_fu_1612_p2                                                            | -   |        | add_ln53_22        | add | fabric | 0       |
|    add_ln53_18_fu_1619_p2                                                            | -   |        | add_ln53_18        | add | fabric | 0       |
|    add_ln53_13_fu_1626_p2                                                            | -   |        | add_ln53_13        | add | fabric | 0       |
|    add_ln53_9_fu_1633_p2                                                             | -   |        | add_ln53_9         | add | fabric | 0       |
|    add_ln53_4_fu_1640_p2                                                             | -   |        | add_ln53_4         | add | fabric | 0       |
|    add_ln53_fu_1647_p2                                                               | -   |        | add_ln53           | add | fabric | 0       |
|   + load_input_tile_block_from_DRAM_Pipeline_INPUT_BUFFER_DEPTH_INPUT_BUFFER_HEIGHT  | 1   |        |                    |     |        |         |
|     add_ln37_1_fu_2218_p2                                                            | -   |        | add_ln37_1         | add | fabric | 0       |
|     add_ln37_fu_2230_p2                                                              | -   |        | add_ln37           | add | fabric | 0       |
|     mac_muladd_2ns_6ns_6ns_8_1_1_U2                                                  | 1   |        | mul_ln53           | mul | dsp48  | 0       |
|     mul_2ns_22ns_23_1_1_U1                                                           | -   |        | mul_ln37           | mul | auto   | 0       |
|     mac_muladd_2ns_6ns_6ns_8_1_1_U2                                                  | 1   |        | add_ln53_129       | add | dsp48  | 0       |
|     add_ln42_1_fu_2312_p2                                                            | -   |        | add_ln42_1         | add | fabric | 0       |
|     add_ln50_1_fu_2262_p2                                                            | -   |        | add_ln50_1         | add | fabric | 0       |
|     add_ln50_fu_2272_p2                                                              | -   |        | add_ln50           | add | fabric | 0       |
|     add_ln53_1_fu_2347_p2                                                            | -   |        | add_ln53_1         | add | fabric | 0       |
|     add_ln53_3_fu_3173_p2                                                            | -   |        | add_ln53_3         | add | fabric | 0       |
|     add_ln53_2_fu_3183_p2                                                            | -   |        | add_ln53_2         | add | fabric | 0       |
|     add_ln53_6_fu_2378_p2                                                            | -   |        | add_ln53_6         | add | fabric | 0       |
|     add_ln53_7_fu_3211_p2                                                            | -   |        | add_ln53_7         | add | fabric | 0       |
|     add_ln53_5_fu_3221_p2                                                            | -   |        | add_ln53_5         | add | fabric | 0       |
|     add_ln53_10_fu_2409_p2                                                           | -   |        | add_ln53_10        | add | fabric | 0       |
|     add_ln53_12_fu_3249_p2                                                           | -   |        | add_ln53_12        | add | fabric | 0       |
|     add_ln53_8_fu_3259_p2                                                            | -   |        | add_ln53_8         | add | fabric | 0       |
|     add_ln53_15_fu_2435_p2                                                           | -   |        | add_ln53_15        | add | fabric | 0       |
|     add_ln53_16_fu_3287_p2                                                           | -   |        | add_ln53_16        | add | fabric | 0       |
|     add_ln53_11_fu_3297_p2                                                           | -   |        | add_ln53_11        | add | fabric | 0       |
|     add_ln53_19_fu_2466_p2                                                           | -   |        | add_ln53_19        | add | fabric | 0       |
|     add_ln53_21_fu_3325_p2                                                           | -   |        | add_ln53_21        | add | fabric | 0       |
|     add_ln53_14_fu_3335_p2                                                           | -   |        | add_ln53_14        | add | fabric | 0       |
|     add_ln53_24_fu_2497_p2                                                           | -   |        | add_ln53_24        | add | fabric | 0       |
|     add_ln53_25_fu_3363_p2                                                           | -   |        | add_ln53_25        | add | fabric | 0       |
|     add_ln53_17_fu_3373_p2                                                           | -   |        | add_ln53_17        | add | fabric | 0       |
|     add_ln53_28_fu_2528_p2                                                           | -   |        | add_ln53_28        | add | fabric | 0       |
|     add_ln53_30_fu_3401_p2                                                           | -   |        | add_ln53_30        | add | fabric | 0       |
|     add_ln53_20_fu_3411_p2                                                           | -   |        | add_ln53_20        | add | fabric | 0       |
|     add_ln53_33_fu_2559_p2                                                           | -   |        | add_ln53_33        | add | fabric | 0       |
|     add_ln53_34_fu_3439_p2                                                           | -   |        | add_ln53_34        | add | fabric | 0       |
|     add_ln53_23_fu_3449_p2                                                           | -   |        | add_ln53_23        | add | fabric | 0       |
|     add_ln53_37_fu_2590_p2                                                           | -   |        | add_ln53_37        | add | fabric | 0       |
|     add_ln53_39_fu_3477_p2                                                           | -   |        | add_ln53_39        | add | fabric | 0       |
|     add_ln53_26_fu_3487_p2                                                           | -   |        | add_ln53_26        | add | fabric | 0       |
|     add_ln53_42_fu_2621_p2                                                           | -   |        | add_ln53_42        | add | fabric | 0       |
|     add_ln53_43_fu_3515_p2                                                           | -   |        | add_ln53_43        | add | fabric | 0       |
|     add_ln53_29_fu_3525_p2                                                           | -   |        | add_ln53_29        | add | fabric | 0       |
|     add_ln53_46_fu_2652_p2                                                           | -   |        | add_ln53_46        | add | fabric | 0       |
|     add_ln53_48_fu_3553_p2                                                           | -   |        | add_ln53_48        | add | fabric | 0       |
|     add_ln53_32_fu_3563_p2                                                           | -   |        | add_ln53_32        | add | fabric | 0       |
|     add_ln53_51_fu_2678_p2                                                           | -   |        | add_ln53_51        | add | fabric | 0       |
|     add_ln53_52_fu_3591_p2                                                           | -   |        | add_ln53_52        | add | fabric | 0       |
|     add_ln53_35_fu_3601_p2                                                           | -   |        | add_ln53_35        | add | fabric | 0       |
|     add_ln53_38_fu_3626_p2                                                           | -   |        | add_ln53_38        | add | fabric | 0       |
|     add_ln53_60_fu_2704_p2                                                           | -   |        | add_ln53_60        | add | fabric | 0       |
|     add_ln53_61_fu_3654_p2                                                           | -   |        | add_ln53_61        | add | fabric | 0       |
|     add_ln53_41_fu_3664_p2                                                           | -   |        | add_ln53_41        | add | fabric | 0       |
|     add_ln53_44_fu_3689_p2                                                           | -   |        | add_ln53_44        | add | fabric | 0       |
|     add_ln53_69_fu_2730_p2                                                           | -   |        | add_ln53_69        | add | fabric | 0       |
|     add_ln53_70_fu_3717_p2                                                           | -   |        | add_ln53_70        | add | fabric | 0       |
|     add_ln53_47_fu_3727_p2                                                           | -   |        | add_ln53_47        | add | fabric | 0       |
|     add_ln53_50_fu_3752_p2                                                           | -   |        | add_ln53_50        | add | fabric | 0       |
|     add_ln53_78_fu_2756_p2                                                           | -   |        | add_ln53_78        | add | fabric | 0       |
|     add_ln53_79_fu_3780_p2                                                           | -   |        | add_ln53_79        | add | fabric | 0       |
|     add_ln53_53_fu_3790_p2                                                           | -   |        | add_ln53_53        | add | fabric | 0       |
|     add_ln53_56_fu_3815_p2                                                           | -   |        | add_ln53_56        | add | fabric | 0       |
|     add_ln53_87_fu_2782_p2                                                           | -   |        | add_ln53_87        | add | fabric | 0       |
|     add_ln53_88_fu_3843_p2                                                           | -   |        | add_ln53_88        | add | fabric | 0       |
|     add_ln53_59_fu_3853_p2                                                           | -   |        | add_ln53_59        | add | fabric | 0       |
|     add_ln53_62_fu_3878_p2                                                           | -   |        | add_ln53_62        | add | fabric | 0       |
|     add_ln53_96_fu_2808_p2                                                           | -   |        | add_ln53_96        | add | fabric | 0       |
|     add_ln53_97_fu_3906_p2                                                           | -   |        | add_ln53_97        | add | fabric | 0       |
|     add_ln53_65_fu_3916_p2                                                           | -   |        | add_ln53_65        | add | fabric | 0       |
|     add_ln53_68_fu_3941_p2                                                           | -   |        | add_ln53_68        | add | fabric | 0       |
|     add_ln53_105_fu_2834_p2                                                          | -   |        | add_ln53_105       | add | fabric | 0       |
|     add_ln53_106_fu_3969_p2                                                          | -   |        | add_ln53_106       | add | fabric | 0       |
|     add_ln53_71_fu_3979_p2                                                           | -   |        | add_ln53_71        | add | fabric | 0       |
|     add_ln53_74_fu_4004_p2                                                           | -   |        | add_ln53_74        | add | fabric | 0       |
|     add_ln53_114_fu_2860_p2                                                          | -   |        | add_ln53_114       | add | fabric | 0       |
|     add_ln53_115_fu_4032_p2                                                          | -   |        | add_ln53_115       | add | fabric | 0       |
|     add_ln53_77_fu_4042_p2                                                           | -   |        | add_ln53_77        | add | fabric | 0       |
|     add_ln53_80_fu_4067_p2                                                           | -   |        | add_ln53_80        | add | fabric | 0       |
|     add_ln53_123_fu_2886_p2                                                          | -   |        | add_ln53_123       | add | fabric | 0       |
|     add_ln53_124_fu_4095_p2                                                          | -   |        | add_ln53_124       | add | fabric | 0       |
|     add_ln53_83_fu_4105_p2                                                           | -   |        | add_ln53_83        | add | fabric | 0       |
|     add_ln53_86_fu_4130_p2                                                           | -   |        | add_ln53_86        | add | fabric | 0       |
|     add_ln53_130_fu_2912_p2                                                          | -   |        | add_ln53_130       | add | fabric | 0       |
|     add_ln53_132_fu_4158_p2                                                          | -   |        | add_ln53_132       | add | fabric | 0       |
|     add_ln53_89_fu_4168_p2                                                           | -   |        | add_ln53_89        | add | fabric | 0       |
|     add_ln53_92_fu_4193_p2                                                           | -   |        | add_ln53_92        | add | fabric | 0       |
|     add_ln53_133_fu_2938_p2                                                          | -   |        | add_ln53_133       | add | fabric | 0       |
|     add_ln53_135_fu_4221_p2                                                          | -   |        | add_ln53_135       | add | fabric | 0       |
|     add_ln53_95_fu_4231_p2                                                           | -   |        | add_ln53_95        | add | fabric | 0       |
|     add_ln53_98_fu_4256_p2                                                           | -   |        | add_ln53_98        | add | fabric | 0       |
|     add_ln53_136_fu_2964_p2                                                          | -   |        | add_ln53_136       | add | fabric | 0       |
|     add_ln53_138_fu_4284_p2                                                          | -   |        | add_ln53_138       | add | fabric | 0       |
|     add_ln53_101_fu_4294_p2                                                          | -   |        | add_ln53_101       | add | fabric | 0       |
|     add_ln53_104_fu_4319_p2                                                          | -   |        | add_ln53_104       | add | fabric | 0       |
|     add_ln53_139_fu_2990_p2                                                          | -   |        | add_ln53_139       | add | fabric | 0       |
|     add_ln53_140_fu_4347_p2                                                          | -   |        | add_ln53_140       | add | fabric | 0       |
|     add_ln53_107_fu_4357_p2                                                          | -   |        | add_ln53_107       | add | fabric | 0       |
|     add_ln53_110_fu_4382_p2                                                          | -   |        | add_ln53_110       | add | fabric | 0       |
|     add_ln53_141_fu_3016_p2                                                          | -   |        | add_ln53_141       | add | fabric | 0       |
|     add_ln53_142_fu_4410_p2                                                          | -   |        | add_ln53_142       | add | fabric | 0       |
|     add_ln53_113_fu_4420_p2                                                          | -   |        | add_ln53_113       | add | fabric | 0       |
|     add_ln53_116_fu_4445_p2                                                          | -   |        | add_ln53_116       | add | fabric | 0       |
|     add_ln53_143_fu_3042_p2                                                          | -   |        | add_ln53_143       | add | fabric | 0       |
|     add_ln53_144_fu_4473_p2                                                          | -   |        | add_ln53_144       | add | fabric | 0       |
|     add_ln53_119_fu_4483_p2                                                          | -   |        | add_ln53_119       | add | fabric | 0       |
|     add_ln53_122_fu_4508_p2                                                          | -   |        | add_ln53_122       | add | fabric | 0       |
|     add_ln53_145_fu_3068_p2                                                          | -   |        | add_ln53_145       | add | fabric | 0       |
|     add_ln53_146_fu_4536_p2                                                          | -   |        | add_ln53_146       | add | fabric | 0       |
|     add_ln53_125_fu_4546_p2                                                          | -   |        | add_ln53_125       | add | fabric | 0       |
|     add_ln53_128_fu_4571_p2                                                          | -   |        | add_ln53_128       | add | fabric | 0       |
|     add_ln53_147_fu_3099_p2                                                          | -   |        | add_ln53_147       | add | fabric | 0       |
|     add_ln53_148_fu_4599_p2                                                          | -   |        | add_ln53_148       | add | fabric | 0       |
|     add_ln53_131_fu_4609_p2                                                          | -   |        | add_ln53_131       | add | fabric | 0       |
|     add_ln53_149_fu_3130_p2                                                          | -   |        | add_ln53_149       | add | fabric | 0       |
|     add_ln53_150_fu_4637_p2                                                          | -   |        | add_ln53_150       | add | fabric | 0       |
|     add_ln53_134_fu_4647_p2                                                          | -   |        | add_ln53_134       | add | fabric | 0       |
|     add_ln53_151_fu_3161_p2                                                          | -   |        | add_ln53_151       | add | fabric | 0       |
|     add_ln53_152_fu_4675_p2                                                          | -   |        | add_ln53_152       | add | fabric | 0       |
|     add_ln53_137_fu_4685_p2                                                          | -   |        | add_ln53_137       | add | fabric | 0       |
|     add_ln40_fu_4718_p2                                                              | -   |        | add_ln40           | add | fabric | 0       |
|  + load_layer_params_from_DRAM                                                       | 0   |        |                    |     |        |         |
|    mul_6ns_10ns_15_1_1_U184                                                          | -   |        | mul_ln77           | mul | auto   | 0       |
|    add_ln77_fu_227_p2                                                                | -   |        | add_ln77           | add | fabric | 0       |
|    add_ln95_fu_264_p2                                                                | -   |        | add_ln95           | add | fabric | 0       |
|   + load_layer_params_from_DRAM_Pipeline_WEIGHT_KERNEL_NUM_WEIGHT_KERNEL_HEIGHT_WEIG | 0   |        |                    |     |        |         |
|     add_ln77_fu_286_p2                                                               | -   |        | add_ln77           | add | fabric | 0       |
|     add_ln77_1_fu_389_p2                                                             | -   |        | add_ln77_1         | add | fabric | 0       |
|     sub_ln88_fu_425_p2                                                               | -   |        | sub_ln88           | sub | fabric | 0       |
|     add_ln80_fu_446_p2                                                               | -   |        | add_ln80           | add | fabric | 0       |
|     add_ln88_fu_470_p2                                                               | -   |        | add_ln88           | add | fabric | 0       |
|     add_ln83_fu_492_p2                                                               | -   |        | add_ln83           | add | fabric | 0       |
|     add_ln86_fu_524_p2                                                               | -   |        | add_ln86           | add | fabric | 0       |
|     add_ln83_1_fu_334_p2                                                             | -   |        | add_ln83_1         | add | fabric | 0       |
|     add_ln80_1_fu_348_p2                                                             | -   |        | add_ln80_1         | add | fabric | 0       |
|   + load_layer_params_from_DRAM_Pipeline_BIAS                                        | 0   |        |                    |     |        |         |
|     add_ln95_fu_221_p2                                                               | -   |        | add_ln95           | add | fabric | 0       |
|  + conv_7x7                                                                          | 7   |        |                    |     |        |         |
|    add_ln41_1_fu_1042_p2                                                             | -   |        | add_ln41_1         | add | fabric | 0       |
|    indvars_iv_next305_fu_1898_p2                                                     | -   |        | indvars_iv_next305 | add | fabric | 0       |
|    add_ln41_fu_1999_p2                                                               | -   |        | add_ln41           | add | fabric | 0       |
|    add_ln41_2_fu_1137_p2                                                             | -   |        | add_ln41_2         | add | fabric | 0       |
|    add_ln41_3_fu_1147_p2                                                             | -   |        | add_ln41_3         | add | fabric | 0       |
|    indvars_iv_next295_fu_1232_p2                                                     | -   |        | indvars_iv_next295 | add | fabric | 0       |
|    add_ln44_fu_2019_p2                                                               | -   |        | add_ln44           | add | fabric | 0       |
|    mul_3ns_6ns_7_1_1_U201                                                            | -   |        | mul_ln1319         | mul | auto   | 0       |
|    add_ln1319_fu_1202_p2                                                             | -   |        | add_ln1319         | add | fabric | 0       |
|    add_ln1319_1_fu_1212_p2                                                           | -   |        | add_ln1319_1       | add | fabric | 0       |
|    add_ln1319_2_fu_1222_p2                                                           | -   |        | add_ln1319_2       | add | fabric | 0       |
|    add_ln1319_3_fu_1243_p2                                                           | -   |        | add_ln1319_3       | add | fabric | 0       |
|    add_ln1319_4_fu_1909_p2                                                           | -   |        | add_ln1319_4       | add | fabric | 0       |
|    add_ln1319_5_fu_1253_p2                                                           | -   |        | add_ln1319_5       | add | fabric | 0       |
|    add_ln1319_6_fu_1263_p2                                                           | -   |        | add_ln1319_6       | add | fabric | 0       |
|    mul_mul_16s_16s_29_1_1_U210                                                       | 1   |        | mul_ln864          | mul | dsp48  | 0       |
|    mul_mul_16s_16s_29_1_1_U211                                                       | 1   |        | mul_ln864_1        | mul | dsp48  | 0       |
|    mul_mul_16s_16s_29_1_1_U212                                                       | 1   |        | mul_ln864_2        | mul | dsp48  | 0       |
|    mul_mul_16s_16s_28_1_1_U213                                                       | 1   |        | mul_ln1317         | mul | dsp48  | 0       |
|    mul_mul_16s_16s_29_1_1_U216                                                       | 1   |        | mul_ln864_3        | mul | dsp48  | 0       |
|    mul_mul_16s_16s_29_1_1_U214                                                       | 1   |        | mul_ln864_4        | mul | dsp48  | 0       |
|    mul_mul_16s_16s_29_1_1_U215                                                       | 1   |        | mul_ln864_5        | mul | dsp48  | 0       |
|    add_ln859_fu_2074_p2                                                              | -   |        | add_ln859          | add | fabric | 0       |
|    add_ln859_3_fu_2084_p2                                                            | -   |        | add_ln859_3        | add | fabric | 0       |
|    sub_ln1466_fu_2173_p2                                                             | -   |        | sub_ln1466         | sub | fabric | 0       |
|    add_ln859_6_fu_2179_p2                                                            | -   |        | add_ln859_6        | add | fabric | 0       |
|    add_ln47_fu_1861_p2                                                               | -   |        | add_ln47           | add | fabric | 0       |
|    add_ln44_1_fu_1866_p2                                                             | -   |        | add_ln44_1         | add | fabric | 0       |
|  + store_output_tile_to_DRAM                                                         | 2   |        |                    |     |        |         |
|    mul_5ns_7ns_10_1_1_U296                                                           | -   |        | mul_ln119          | mul | auto   | 0       |
|    add_ln120_fu_178_p2                                                               | -   |        | add_ln120          | add | fabric | 0       |
|   + store_output_tile_to_DRAM_Pipeline_OUTPUT_BUFFER_DEPTH_OUTPUT_BUFFER_HEIGHT_OUTP | 2   |        |                    |     |        |         |
|     empty_fu_348_p2                                                                  | -   |        | empty              | add | fabric | 0       |
|     mul_mul_6ns_19ns_25_1_1_U279                                                     | 1   |        | mul_ln138          | mul | dsp48  | 0       |
|     add_ln138_fu_494_p2                                                              | -   |        | add_ln138          | add | fabric | 0       |
|     empty_46_fu_502_p2                                                               | -   |        | empty_46           | add | fabric | 0       |
|     add_ln138_3_fu_621_p2                                                            | -   |        | add_ln138_3        | add | fabric | 0       |
|     grp_fu_330_p0                                                                    | -   |        | add_ln123_1        | add | fabric | 0       |
|     add_ln123_fu_356_p2                                                              | -   |        | add_ln123          | add | fabric | 0       |
|     p_mid111_fu_372_p2                                                               | -   |        | p_mid111           | add | fabric | 0       |
|     mul_mul_6ns_19ns_25_1_1_U280                                                     | 1   |        | mul_ln138_1        | mul | dsp48  | 0       |
|     add_ln138_4_fu_541_p2                                                            | -   |        | add_ln138_4        | add | fabric | 0       |
|     add_ln138_5_fu_631_p2                                                            | -   |        | add_ln138_5        | add | fabric | 0       |
|     add_ln126_fu_448_p2                                                              | -   |        | add_ln126          | add | fabric | 0       |
|     p_mid1_fu_573_p2                                                                 | -   |        | p_mid1             | add | fabric | 0       |
|     add_ln138_8_fu_638_p2                                                            | -   |        | add_ln138_8        | add | fabric | 0       |
|     add_ln129_fu_475_p2                                                              | -   |        | add_ln129          | add | fabric | 0       |
|     add_ln126_1_fu_388_p2                                                            | -   |        | add_ln126_1        | add | fabric | 0       |
+--------------------------------------------------------------------------------------+-----+--------+--------------------+-----+--------+---------+


================================================================
== Bind Storage Report
================================================================
+----------------------+------+------+--------+------------------+---------+------+---------+
| Name                 | BRAM | URAM | Pragma | Variable         | Storage | Impl | Latency |
+----------------------+------+------+--------+------------------+---------+------+---------+
| + tiled_conv         | 58   | 0    |        |                  |         |      |         |
|   conv_in_buf_V_U    | 1    | -    |        | conv_in_buf_V    | ram_1p  | auto | 1       |
|   conv_in_buf_V_1_U  | 1    | -    |        | conv_in_buf_V_1  | ram_1p  | auto | 1       |
|   conv_in_buf_V_2_U  | 1    | -    |        | conv_in_buf_V_2  | ram_1p  | auto | 1       |
|   conv_in_buf_V_3_U  | 1    | -    |        | conv_in_buf_V_3  | ram_1p  | auto | 1       |
|   conv_in_buf_V_4_U  | 1    | -    |        | conv_in_buf_V_4  | ram_1p  | auto | 1       |
|   conv_in_buf_V_5_U  | 1    | -    |        | conv_in_buf_V_5  | ram_1p  | auto | 1       |
|   conv_in_buf_V_6_U  | 1    | -    |        | conv_in_buf_V_6  | ram_1p  | auto | 1       |
|   conv_in_buf_V_7_U  | 1    | -    |        | conv_in_buf_V_7  | ram_1p  | auto | 1       |
|   conv_in_buf_V_8_U  | 1    | -    |        | conv_in_buf_V_8  | ram_1p  | auto | 1       |
|   conv_in_buf_V_9_U  | 1    | -    |        | conv_in_buf_V_9  | ram_1p  | auto | 1       |
|   conv_in_buf_V_10_U | 1    | -    |        | conv_in_buf_V_10 | ram_1p  | auto | 1       |
|   conv_in_buf_V_11_U | 1    | -    |        | conv_in_buf_V_11 | ram_1p  | auto | 1       |
|   conv_in_buf_V_12_U | 1    | -    |        | conv_in_buf_V_12 | ram_1p  | auto | 1       |
|   conv_in_buf_V_13_U | 1    | -    |        | conv_in_buf_V_13 | ram_1p  | auto | 1       |
|   conv_in_buf_V_14_U | 1    | -    |        | conv_in_buf_V_14 | ram_1p  | auto | 1       |
|   conv_in_buf_V_15_U | 1    | -    |        | conv_in_buf_V_15 | ram_1p  | auto | 1       |
|   conv_in_buf_V_16_U | 1    | -    |        | conv_in_buf_V_16 | ram_1p  | auto | 1       |
|   conv_in_buf_V_17_U | 1    | -    |        | conv_in_buf_V_17 | ram_1p  | auto | 1       |
|   conv_in_buf_V_18_U | 1    | -    |        | conv_in_buf_V_18 | ram_1p  | auto | 1       |
|   conv_in_buf_V_19_U | 1    | -    |        | conv_in_buf_V_19 | ram_1p  | auto | 1       |
|   conv_in_buf_V_20_U | 1    | -    |        | conv_in_buf_V_20 | ram_1p  | auto | 1       |
|   conv_in_buf_V_21_U | 1    | -    |        | conv_in_buf_V_21 | ram_1p  | auto | 1       |
|   conv_in_buf_V_22_U | 1    | -    |        | conv_in_buf_V_22 | ram_1p  | auto | 1       |
|   conv_in_buf_V_23_U | 1    | -    |        | conv_in_buf_V_23 | ram_1p  | auto | 1       |
|   conv_in_buf_V_24_U | 1    | -    |        | conv_in_buf_V_24 | ram_1p  | auto | 1       |
|   conv_in_buf_V_25_U | 1    | -    |        | conv_in_buf_V_25 | ram_1p  | auto | 1       |
|   conv_in_buf_V_26_U | 1    | -    |        | conv_in_buf_V_26 | ram_1p  | auto | 1       |
|   conv_in_buf_V_27_U | 1    | -    |        | conv_in_buf_V_27 | ram_1p  | auto | 1       |
|   conv_in_buf_V_28_U | 1    | -    |        | conv_in_buf_V_28 | ram_1p  | auto | 1       |
|   conv_in_buf_V_29_U | 1    | -    |        | conv_in_buf_V_29 | ram_1p  | auto | 1       |
|   conv_in_buf_V_30_U | 1    | -    |        | conv_in_buf_V_30 | ram_1p  | auto | 1       |
|   conv_in_buf_V_31_U | 1    | -    |        | conv_in_buf_V_31 | ram_1p  | auto | 1       |
|   conv_in_buf_V_32_U | 1    | -    |        | conv_in_buf_V_32 | ram_1p  | auto | 1       |
|   conv_in_buf_V_33_U | 1    | -    |        | conv_in_buf_V_33 | ram_1p  | auto | 1       |
|   conv_in_buf_V_34_U | 1    | -    |        | conv_in_buf_V_34 | ram_1p  | auto | 1       |
|   conv_in_buf_V_35_U | 1    | -    |        | conv_in_buf_V_35 | ram_1p  | auto | 1       |
|   conv_in_buf_V_36_U | 1    | -    |        | conv_in_buf_V_36 | ram_1p  | auto | 1       |
|   conv_in_buf_V_37_U | 1    | -    |        | conv_in_buf_V_37 | ram_1p  | auto | 1       |
|   conv_in_buf_V_38_U | 1    | -    |        | conv_in_buf_V_38 | ram_1p  | auto | 1       |
|   conv_in_buf_V_39_U | 1    | -    |        | conv_in_buf_V_39 | ram_1p  | auto | 1       |
|   conv_in_buf_V_40_U | 1    | -    |        | conv_in_buf_V_40 | ram_1p  | auto | 1       |
|   conv_in_buf_V_41_U | 1    | -    |        | conv_in_buf_V_41 | ram_1p  | auto | 1       |
|   conv_in_buf_V_42_U | 1    | -    |        | conv_in_buf_V_42 | ram_1p  | auto | 1       |
|   conv_in_buf_V_43_U | 1    | -    |        | conv_in_buf_V_43 | ram_1p  | auto | 1       |
|   conv_in_buf_V_44_U | 1    | -    |        | conv_in_buf_V_44 | ram_1p  | auto | 1       |
|   conv_in_buf_45_U   | 1    | -    |        | conv_in_buf_45   | ram_1p  | auto | 1       |
|   conv_wt_buf_V_U    | 1    | -    |        | conv_wt_buf_V    | ram_1p  | auto | 1       |
|   conv_wt_buf_V_1_U  | 1    | -    |        | conv_wt_buf_V_1  | ram_1p  | auto | 1       |
|   conv_wt_buf_V_2_U  | 1    | -    |        | conv_wt_buf_V_2  | ram_1p  | auto | 1       |
|   conv_wt_buf_V_3_U  | 1    | -    |        | conv_wt_buf_V_3  | ram_1p  | auto | 1       |
|   conv_wt_buf_V_4_U  | 1    | -    |        | conv_wt_buf_V_4  | ram_1p  | auto | 1       |
|   conv_wt_buf_V_5_U  | 1    | -    |        | conv_wt_buf_V_5  | ram_1p  | auto | 1       |
|   conv_wt_buf_V_6_U  | 1    | -    |        | conv_wt_buf_V_6  | rom_np  | auto | 1       |
|   conv_out_buf_V_U   | 1    | -    |        | conv_out_buf_V   | ram_1p  | auto | 1       |
|   conv_out_buf_V_1_U | 1    | -    |        | conv_out_buf_V_1 | ram_1p  | auto | 1       |
|   conv_out_buf_V_2_U | 1    | -    |        | conv_out_buf_V_2 | ram_1p  | auto | 1       |
|   conv_out_buf_V_3_U | 1    | -    |        | conv_out_buf_V_3 | ram_1p  | auto | 1       |
+----------------------+------+------+--------+------------------+---------+------+---------+


================================================================
== Pragma Report
================================================================
* Valid Pragma Syntax
+-----------------+-------------------------------------------------+-----------------------------------------------------+
| Type            | Options                                         | Location                                            |
+-----------------+-------------------------------------------------+-----------------------------------------------------+
| unroll          |                                                 | conv_7x7.cpp:58 in conv_7x7                         |
| array_partition | variable=acc complete dim=1                     | conv_7x7.cpp:61 in conv_7x7, acc                    |
| unroll          |                                                 | conv_7x7.cpp:65 in conv_7x7                         |
| interface       | m_axi depth=1 port=input_feature_map bundle=fm  | tiled_conv.cpp:23 in tiled_conv, input_feature_map  |
| interface       | m_axi depth=1 port=layer_weights bundle=wt      | tiled_conv.cpp:24 in tiled_conv, layer_weights      |
| interface       | m_axi depth=1 port=layer_bias bundle=wt         | tiled_conv.cpp:25 in tiled_conv, layer_bias         |
| interface       | m_axi depth=1 port=output_feature_map bundle=fm | tiled_conv.cpp:26 in tiled_conv, output_feature_map |
| interface       | s_axilite register port=return                  | tiled_conv.cpp:28 in tiled_conv, return             |
| array_partition | variable=conv_out_buf type=complete dim=1       | tiled_conv.cpp:40 in tiled_conv, conv_out_buf       |
| array_partition | variable=conv_in_buf type=complete dim=3        | tiled_conv.cpp:42 in tiled_conv, conv_in_buf        |
| array_partition | variable=conv_wt_buf type=complete dim=3        | tiled_conv.cpp:43 in tiled_conv, conv_wt_buf        |
| array_partition | variable=conv_bias_buf type=complete dim=1      | tiled_conv.cpp:45 in tiled_conv, conv_bias_buf      |
| unroll          |                                                 | tiled_conv.cpp:74 in tiled_conv                     |
| unroll          |                                                 | utils.cpp:47 in load_input_tile_block_from_dram     |
+-----------------+-------------------------------------------------+-----------------------------------------------------+


