

================================================================
== Vitis HLS Report for 'load_input_tile_block_from_DRAM'
================================================================
* Date:           Sat Mar 25 14:07:39 2023

* Version:        2022.1.2 (Build 3605665 on Fri Aug  5 22:52:02 MDT 2022)
* Project:        proj
* Solution:       solution1 (Vivado IP Flow Target)
* Product family: zynq
* Target device:  xc7z020-clg400-1


================================================================
== Performance Estimates
================================================================
+ Timing: 
    * Summary: 
    +--------+----------+----------+------------+
    |  Clock |  Target  | Estimated| Uncertainty|
    +--------+----------+----------+------------+
    |ap_clk  |  10.00 ns|  7.300 ns|     2.70 ns|
    +--------+----------+----------+------------+

+ Latency: 
    * Summary: 
    +---------+---------+-----------+-----------+------+------+---------+
    |  Latency (cycles) |   Latency (absolute)  |   Interval  | Pipeline|
    |   min   |   max   |    min    |    max    |  min |  max |   Type  |
    +---------+---------+-----------+-----------+------+------+---------+
    |     7190|     7190|  71.900 us|  71.900 us|  7190|  7190|       no|
    +---------+---------+-----------+-----------+------+------+---------+

    + Detail: 
        * Instance: 
        +--------------------------------------------------------------------------------------------+---------------------------------------------------------------------------------+---------+---------+-----------+-----------+------+------+---------+
        |                                                                                            |                                                                                 |  Latency (cycles) |   Latency (absolute)  |   Interval  | Pipeline|
        |                                          Instance                                          |                                      Module                                     |   min   |   max   |    min    |    max    |  min |  max |   Type  |
        +--------------------------------------------------------------------------------------------+---------------------------------------------------------------------------------+---------+---------+-----------+-----------+------+------+---------+
        |grp_load_input_tile_block_from_DRAM_Pipeline_INPUT_BUFFER_DEPTH_INPUT_BUFFER_HEIGHT_fu_254  |load_input_tile_block_from_DRAM_Pipeline_INPUT_BUFFER_DEPTH_INPUT_BUFFER_HEIGHT  |     7188|     7188|  71.880 us|  71.880 us|  7188|  7188|       no|
        +--------------------------------------------------------------------------------------------+---------------------------------------------------------------------------------+---------+---------+-----------+-----------+------+------+---------+

        * Loop: 
        N/A



================================================================
== Utilization Estimates
================================================================
* Summary: 
+-----------------+---------+-----+--------+-------+-----+
|       Name      | BRAM_18K| DSP |   FF   |  LUT  | URAM|
+-----------------+---------+-----+--------+-------+-----+
|DSP              |        -|    -|       -|      -|    -|
|Expression       |        -|    -|       0|   3969|    -|
|FIFO             |        -|    -|       -|      -|    -|
|Instance         |        -|    1|    4405|   6816|    -|
|Memory           |        -|    -|       -|      -|    -|
|Multiplexer      |        -|    -|       -|     38|    -|
|Register         |        -|    -|    2991|      -|    -|
+-----------------+---------+-----+--------+-------+-----+
|Total            |        0|    1|    7396|  10823|    0|
+-----------------+---------+-----+--------+-------+-----+
|Available        |      280|  220|  106400|  53200|    0|
+-----------------+---------+-----+--------+-------+-----+
|Utilization (%)  |        0|   ~0|       6|     20|    0|
+-----------------+---------+-----+--------+-------+-----+

+ Detail: 
    * Instance: 
    +--------------------------------------------------------------------------------------------+---------------------------------------------------------------------------------+---------+----+------+------+-----+
    |                                          Instance                                          |                                      Module                                     | BRAM_18K| DSP|  FF  |  LUT | URAM|
    +--------------------------------------------------------------------------------------------+---------------------------------------------------------------------------------+---------+----+------+------+-----+
    |grp_load_input_tile_block_from_DRAM_Pipeline_INPUT_BUFFER_DEPTH_INPUT_BUFFER_HEIGHT_fu_254  |load_input_tile_block_from_DRAM_Pipeline_INPUT_BUFFER_DEPTH_INPUT_BUFFER_HEIGHT  |        0|   1|  4405|  6783|    0|
    |mul_5ns_7ns_11_1_1_U113                                                                     |mul_5ns_7ns_11_1_1                                                               |        0|   0|     0|    33|    0|
    +--------------------------------------------------------------------------------------------+---------------------------------------------------------------------------------+---------+----+------+------+-----+
    |Total                                                                                       |                                                                                 |        0|   1|  4405|  6816|    0|
    +--------------------------------------------------------------------------------------------+---------------------------------------------------------------------------------+---------+----+------+------+-----+

    * DSP: 
    N/A

    * Memory: 
    N/A

    * FIFO: 
    N/A

    * Expression: 
    +-------------------------+----------+----+---+----+------------+------------+
    |      Variable Name      | Operation| DSP| FF| LUT| Bitwidth P0| Bitwidth P1|
    +-------------------------+----------+----+---+----+------------+------------+
    |add_ln42_fu_1326_p2      |         +|   0|  0|  12|          11|           3|
    |add_ln53_100_fu_1402_p2  |         +|   0|  0|  71|          64|          64|
    |add_ln53_102_fu_1409_p2  |         +|   0|  0|  71|          64|          64|
    |add_ln53_103_fu_1486_p2  |         +|   0|  0|  71|          64|          64|
    |add_ln53_108_fu_1479_p2  |         +|   0|  0|  71|          64|          64|
    |add_ln53_109_fu_1416_p2  |         +|   0|  0|  71|          64|          64|
    |add_ln53_111_fu_1423_p2  |         +|   0|  0|  71|          64|          64|
    |add_ln53_112_fu_1472_p2  |         +|   0|  0|  71|          64|          64|
    |add_ln53_117_fu_1465_p2  |         +|   0|  0|  71|          64|          64|
    |add_ln53_118_fu_1430_p2  |         +|   0|  0|  71|          64|          64|
    |add_ln53_120_fu_1437_p2  |         +|   0|  0|  71|          64|          64|
    |add_ln53_121_fu_1458_p2  |         +|   0|  0|  71|          64|          64|
    |add_ln53_126_fu_1451_p2  |         +|   0|  0|  71|          64|          64|
    |add_ln53_127_fu_1444_p2  |         +|   0|  0|  71|          64|          64|
    |add_ln53_13_fu_1626_p2   |         +|   0|  0|  71|          64|          64|
    |add_ln53_18_fu_1619_p2   |         +|   0|  0|  71|          64|          64|
    |add_ln53_22_fu_1612_p2   |         +|   0|  0|  71|          64|          64|
    |add_ln53_27_fu_1605_p2   |         +|   0|  0|  71|          64|          64|
    |add_ln53_31_fu_1598_p2   |         +|   0|  0|  71|          64|          64|
    |add_ln53_36_fu_1591_p2   |         +|   0|  0|  71|          64|          64|
    |add_ln53_40_fu_1584_p2   |         +|   0|  0|  71|          64|          64|
    |add_ln53_45_fu_1577_p2   |         +|   0|  0|  71|          64|          64|
    |add_ln53_49_fu_1570_p2   |         +|   0|  0|  71|          64|          64|
    |add_ln53_4_fu_1640_p2    |         +|   0|  0|  71|          64|          64|
    |add_ln53_54_fu_1563_p2   |         +|   0|  0|  71|          64|          64|
    |add_ln53_55_fu_1332_p2   |         +|   0|  0|  71|          64|          64|
    |add_ln53_57_fu_1339_p2   |         +|   0|  0|  71|          64|          64|
    |add_ln53_58_fu_1556_p2   |         +|   0|  0|  71|          64|          64|
    |add_ln53_63_fu_1549_p2   |         +|   0|  0|  71|          64|          64|
    |add_ln53_64_fu_1346_p2   |         +|   0|  0|  71|          64|          64|
    |add_ln53_66_fu_1353_p2   |         +|   0|  0|  71|          64|          64|
    |add_ln53_67_fu_1542_p2   |         +|   0|  0|  71|          64|          64|
    |add_ln53_72_fu_1535_p2   |         +|   0|  0|  71|          64|          64|
    |add_ln53_73_fu_1360_p2   |         +|   0|  0|  71|          64|          64|
    |add_ln53_75_fu_1367_p2   |         +|   0|  0|  71|          64|          64|
    |add_ln53_76_fu_1528_p2   |         +|   0|  0|  71|          64|          64|
    |add_ln53_81_fu_1521_p2   |         +|   0|  0|  71|          64|          64|
    |add_ln53_82_fu_1374_p2   |         +|   0|  0|  71|          64|          64|
    |add_ln53_84_fu_1381_p2   |         +|   0|  0|  71|          64|          64|
    |add_ln53_85_fu_1514_p2   |         +|   0|  0|  71|          64|          64|
    |add_ln53_90_fu_1507_p2   |         +|   0|  0|  71|          64|          64|
    |add_ln53_91_fu_1388_p2   |         +|   0|  0|  71|          64|          64|
    |add_ln53_93_fu_1395_p2   |         +|   0|  0|  71|          64|          64|
    |add_ln53_94_fu_1500_p2   |         +|   0|  0|  71|          64|          64|
    |add_ln53_99_fu_1493_p2   |         +|   0|  0|  71|          64|          64|
    |add_ln53_9_fu_1633_p2    |         +|   0|  0|  71|          64|          64|
    |add_ln53_fu_1647_p2      |         +|   0|  0|  71|          64|          64|
    |input_x_11_fu_509_p2     |         +|   0|  0|  12|          11|           4|
    |input_x_12_fu_514_p2     |         +|   0|  0|  12|          11|           4|
    |input_x_13_fu_519_p2     |         +|   0|  0|  12|          11|           4|
    |input_x_14_fu_524_p2     |         +|   0|  0|  12|          11|           4|
    |input_x_15_fu_529_p2     |         +|   0|  0|  12|          11|           4|
    |input_x_16_fu_534_p2     |         +|   0|  0|  12|          11|           4|
    |input_x_17_fu_539_p2     |         +|   0|  0|  12|          11|           4|
    |input_x_18_fu_544_p2     |         +|   0|  0|  12|          11|           4|
    |input_x_19_fu_549_p2     |         +|   0|  0|  12|          11|           5|
    |input_x_1_fu_462_p2      |         +|   0|  0|  12|          12|           3|
    |input_x_20_fu_554_p2     |         +|   0|  0|  12|          11|           5|
    |input_x_21_fu_559_p2     |         +|   0|  0|  12|          11|           5|
    |input_x_22_fu_564_p2     |         +|   0|  0|  12|          11|           5|
    |input_x_23_fu_569_p2     |         +|   0|  0|  12|          11|           5|
    |input_x_24_fu_574_p2     |         +|   0|  0|  12|          11|           5|
    |input_x_25_fu_579_p2     |         +|   0|  0|  12|          11|           5|
    |input_x_26_fu_584_p2     |         +|   0|  0|  12|          11|           5|
    |input_x_27_fu_589_p2     |         +|   0|  0|  12|          11|           5|
    |input_x_28_fu_594_p2     |         +|   0|  0|  12|          11|           5|
    |input_x_29_fu_599_p2     |         +|   0|  0|  12|          11|           5|
    |input_x_2_fu_468_p2      |         +|   0|  0|  12|          12|           2|
    |input_x_30_fu_604_p2     |         +|   0|  0|  12|          11|           5|
    |input_x_31_fu_609_p2     |         +|   0|  0|  12|          11|           5|
    |input_x_32_fu_614_p2     |         +|   0|  0|  12|          11|           5|
    |input_x_33_fu_619_p2     |         +|   0|  0|  12|          11|           5|
    |input_x_34_fu_624_p2     |         +|   0|  0|  12|          11|           5|
    |input_x_35_fu_629_p2     |         +|   0|  0|  12|          11|           6|
    |input_x_36_fu_634_p2     |         +|   0|  0|  12|          11|           6|
    |input_x_37_fu_639_p2     |         +|   0|  0|  12|          11|           6|
    |input_x_38_fu_644_p2     |         +|   0|  0|  12|          11|           6|
    |input_x_39_fu_649_p2     |         +|   0|  0|  12|          11|           6|
    |input_x_40_fu_654_p2     |         +|   0|  0|  12|          11|           6|
    |input_x_41_fu_659_p2     |         +|   0|  0|  12|          11|           6|
    |input_x_42_fu_664_p2     |         +|   0|  0|  12|          11|           6|
    |input_x_43_fu_669_p2     |         +|   0|  0|  12|          11|           6|
    |input_x_44_fu_674_p2     |         +|   0|  0|  12|          11|           6|
    |input_x_45_fu_679_p2     |         +|   0|  0|  12|          11|           6|
    |input_x_fu_456_p2        |         +|   0|  0|  12|          12|           3|
    |width_offset_fu_447_p2   |         +|   0|  0|  12|          11|          11|
    |empty_54_fu_691_p2       |      icmp|   0|  0|  12|          12|          11|
    |empty_55_fu_698_p2       |      icmp|   0|  0|  12|          12|          11|
    |empty_56_fu_705_p2       |      icmp|   0|  0|  11|          11|          11|
    |empty_57_fu_712_p2       |      icmp|   0|  0|  11|          11|          11|
    |empty_58_fu_719_p2       |      icmp|   0|  0|  11|          11|          11|
    |empty_59_fu_726_p2       |      icmp|   0|  0|  11|          11|          11|
    |empty_60_fu_733_p2       |      icmp|   0|  0|  11|          11|          11|
    |empty_61_fu_740_p2       |      icmp|   0|  0|  11|          11|          11|
    |empty_62_fu_747_p2       |      icmp|   0|  0|  11|          11|          11|
    |empty_63_fu_754_p2       |      icmp|   0|  0|  11|          11|          11|
    |empty_64_fu_761_p2       |      icmp|   0|  0|  11|          11|          11|
    |empty_65_fu_768_p2       |      icmp|   0|  0|  11|          11|          11|
    |empty_fu_684_p2          |      icmp|   0|  0|  12|          12|          11|
    |input_x_10_fu_504_p2     |        or|   0|  0|  11|          11|           3|
    |input_x_4_fu_474_p2      |        or|   0|  0|  11|          11|           1|
    |input_x_5_fu_479_p2      |        or|   0|  0|  11|          11|           2|
    |input_x_6_fu_484_p2      |        or|   0|  0|  11|          11|           2|
    |input_x_7_fu_489_p2      |        or|   0|  0|  11|          11|           3|
    |input_x_8_fu_494_p2      |        or|   0|  0|  11|          11|           3|
    |input_x_9_fu_499_p2      |        or|   0|  0|  11|          11|           3|
    +-------------------------+----------+----+---+----+------------+------------+
    |Total                    |          |   0|  0|3969|        3610|        3304|
    +-------------------------+----------+----+---+----+------------+------------+

    * Multiplexer: 
    +------------------+----+-----------+-----+-----------+
    |       Name       | LUT| Input Size| Bits| Total Bits|
    +------------------+----+-----------+-----+-----------+
    |ap_NS_fsm         |  20|          4|    1|          4|
    |m_axi_fm_ARVALID  |   9|          2|    1|          2|
    |m_axi_fm_RREADY   |   9|          2|    1|          2|
    +------------------+----+-----------+-----+-----------+
    |Total             |  38|          8|    3|          8|
    +------------------+----+-----------+-----+-----------+

    * Register: 
    +---------------------------------------------------------------------------------------------------------+----+----+-----+-----------+
    |                                                   Name                                                  | FF | LUT| Bits| Const Bits|
    +---------------------------------------------------------------------------------------------------------+----+----+-----+-----------+
    |add_ln42_reg_1773                                                                                        |  11|   0|   11|          0|
    |add_ln53_100_reg_1828                                                                                    |  64|   0|   64|          0|
    |add_ln53_102_reg_1833                                                                                    |  64|   0|   64|          0|
    |add_ln53_103_reg_1888                                                                                    |  64|   0|   64|          0|
    |add_ln53_108_reg_1883                                                                                    |  64|   0|   64|          0|
    |add_ln53_109_reg_1838                                                                                    |  64|   0|   64|          0|
    |add_ln53_111_reg_1843                                                                                    |  64|   0|   64|          0|
    |add_ln53_112_reg_1878                                                                                    |  64|   0|   64|          0|
    |add_ln53_117_reg_1873                                                                                    |  64|   0|   64|          0|
    |add_ln53_118_reg_1848                                                                                    |  64|   0|   64|          0|
    |add_ln53_120_reg_1853                                                                                    |  64|   0|   64|          0|
    |add_ln53_121_reg_1868                                                                                    |  64|   0|   64|          0|
    |add_ln53_126_reg_1863                                                                                    |  64|   0|   64|          0|
    |add_ln53_127_reg_1858                                                                                    |  64|   0|   64|          0|
    |add_ln53_13_reg_1988                                                                                     |  64|   0|   64|          0|
    |add_ln53_18_reg_1983                                                                                     |  64|   0|   64|          0|
    |add_ln53_22_reg_1978                                                                                     |  64|   0|   64|          0|
    |add_ln53_27_reg_1973                                                                                     |  64|   0|   64|          0|
    |add_ln53_31_reg_1968                                                                                     |  64|   0|   64|          0|
    |add_ln53_36_reg_1963                                                                                     |  64|   0|   64|          0|
    |add_ln53_40_reg_1958                                                                                     |  64|   0|   64|          0|
    |add_ln53_45_reg_1953                                                                                     |  64|   0|   64|          0|
    |add_ln53_49_reg_1948                                                                                     |  64|   0|   64|          0|
    |add_ln53_4_reg_1998                                                                                      |  64|   0|   64|          0|
    |add_ln53_54_reg_1943                                                                                     |  64|   0|   64|          0|
    |add_ln53_55_reg_1778                                                                                     |  64|   0|   64|          0|
    |add_ln53_57_reg_1783                                                                                     |  64|   0|   64|          0|
    |add_ln53_58_reg_1938                                                                                     |  64|   0|   64|          0|
    |add_ln53_63_reg_1933                                                                                     |  64|   0|   64|          0|
    |add_ln53_64_reg_1788                                                                                     |  64|   0|   64|          0|
    |add_ln53_66_reg_1793                                                                                     |  64|   0|   64|          0|
    |add_ln53_67_reg_1928                                                                                     |  64|   0|   64|          0|
    |add_ln53_72_reg_1923                                                                                     |  64|   0|   64|          0|
    |add_ln53_73_reg_1798                                                                                     |  64|   0|   64|          0|
    |add_ln53_75_reg_1803                                                                                     |  64|   0|   64|          0|
    |add_ln53_76_reg_1918                                                                                     |  64|   0|   64|          0|
    |add_ln53_81_reg_1913                                                                                     |  64|   0|   64|          0|
    |add_ln53_82_reg_1808                                                                                     |  64|   0|   64|          0|
    |add_ln53_84_reg_1813                                                                                     |  64|   0|   64|          0|
    |add_ln53_85_reg_1908                                                                                     |  64|   0|   64|          0|
    |add_ln53_90_reg_1903                                                                                     |  64|   0|   64|          0|
    |add_ln53_91_reg_1818                                                                                     |  64|   0|   64|          0|
    |add_ln53_93_reg_1823                                                                                     |  64|   0|   64|          0|
    |add_ln53_94_reg_1898                                                                                     |  64|   0|   64|          0|
    |add_ln53_99_reg_1893                                                                                     |  64|   0|   64|          0|
    |add_ln53_9_reg_1993                                                                                      |  64|   0|   64|          0|
    |add_ln53_reg_2003                                                                                        |  64|   0|   64|          0|
    |ap_CS_fsm                                                                                                |   3|   0|    3|          0|
    |empty_54_reg_1713                                                                                        |   1|   0|    1|          0|
    |empty_55_reg_1718                                                                                        |   1|   0|    1|          0|
    |empty_56_reg_1723                                                                                        |   1|   0|    1|          0|
    |empty_57_reg_1728                                                                                        |   1|   0|    1|          0|
    |empty_58_reg_1733                                                                                        |   1|   0|    1|          0|
    |empty_59_reg_1738                                                                                        |   1|   0|    1|          0|
    |empty_60_reg_1743                                                                                        |   1|   0|    1|          0|
    |empty_61_reg_1748                                                                                        |   1|   0|    1|          0|
    |empty_62_reg_1753                                                                                        |   1|   0|    1|          0|
    |empty_63_reg_1758                                                                                        |   1|   0|    1|          0|
    |empty_64_reg_1763                                                                                        |   1|   0|    1|          0|
    |empty_65_reg_1768                                                                                        |   1|   0|    1|          0|
    |empty_reg_1708                                                                                           |   1|   0|    1|          0|
    |grp_load_input_tile_block_from_DRAM_Pipeline_INPUT_BUFFER_DEPTH_INPUT_BUFFER_HEIGHT_fu_254_ap_start_reg  |   1|   0|    1|          0|
    |height_offset_reg_1654                                                                                   |  11|   0|   11|          0|
    |width_offset_reg_1660                                                                                    |   8|   0|   11|          3|
    +---------------------------------------------------------------------------------------------------------+----+----+-----+-----------+
    |Total                                                                                                    |2991|   0| 2994|          3|
    +---------------------------------------------------------------------------------------------------------+----+----+-----+-----------+



================================================================
== Interface
================================================================
* Summary: 
+-----------------------+-----+-----+------------+---------------------------------+--------------+
|       RTL Ports       | Dir | Bits|  Protocol  |          Source Object          |    C Type    |
+-----------------------+-----+-----+------------+---------------------------------+--------------+
|ap_clk                 |   in|    1|  ap_ctrl_hs|  load_input_tile_block_from_DRAM|  return value|
|ap_rst                 |   in|    1|  ap_ctrl_hs|  load_input_tile_block_from_DRAM|  return value|
|ap_start               |   in|    1|  ap_ctrl_hs|  load_input_tile_block_from_DRAM|  return value|
|ap_done                |  out|    1|  ap_ctrl_hs|  load_input_tile_block_from_DRAM|  return value|
|ap_idle                |  out|    1|  ap_ctrl_hs|  load_input_tile_block_from_DRAM|  return value|
|ap_ready               |  out|    1|  ap_ctrl_hs|  load_input_tile_block_from_DRAM|  return value|
|in_fm_buf_0_address0   |  out|    8|   ap_memory|                      in_fm_buf_0|         array|
|in_fm_buf_0_ce0        |  out|    1|   ap_memory|                      in_fm_buf_0|         array|
|in_fm_buf_0_we0        |  out|    1|   ap_memory|                      in_fm_buf_0|         array|
|in_fm_buf_0_d0         |  out|   16|   ap_memory|                      in_fm_buf_0|         array|
|in_fm_buf_1_address0   |  out|    8|   ap_memory|                      in_fm_buf_1|         array|
|in_fm_buf_1_ce0        |  out|    1|   ap_memory|                      in_fm_buf_1|         array|
|in_fm_buf_1_we0        |  out|    1|   ap_memory|                      in_fm_buf_1|         array|
|in_fm_buf_1_d0         |  out|   16|   ap_memory|                      in_fm_buf_1|         array|
|in_fm_buf_2_address0   |  out|    8|   ap_memory|                      in_fm_buf_2|         array|
|in_fm_buf_2_ce0        |  out|    1|   ap_memory|                      in_fm_buf_2|         array|
|in_fm_buf_2_we0        |  out|    1|   ap_memory|                      in_fm_buf_2|         array|
|in_fm_buf_2_d0         |  out|   16|   ap_memory|                      in_fm_buf_2|         array|
|in_fm_buf_3_address0   |  out|    8|   ap_memory|                      in_fm_buf_3|         array|
|in_fm_buf_3_ce0        |  out|    1|   ap_memory|                      in_fm_buf_3|         array|
|in_fm_buf_3_we0        |  out|    1|   ap_memory|                      in_fm_buf_3|         array|
|in_fm_buf_3_d0         |  out|   16|   ap_memory|                      in_fm_buf_3|         array|
|in_fm_buf_4_address0   |  out|    8|   ap_memory|                      in_fm_buf_4|         array|
|in_fm_buf_4_ce0        |  out|    1|   ap_memory|                      in_fm_buf_4|         array|
|in_fm_buf_4_we0        |  out|    1|   ap_memory|                      in_fm_buf_4|         array|
|in_fm_buf_4_d0         |  out|   16|   ap_memory|                      in_fm_buf_4|         array|
|in_fm_buf_5_address0   |  out|    8|   ap_memory|                      in_fm_buf_5|         array|
|in_fm_buf_5_ce0        |  out|    1|   ap_memory|                      in_fm_buf_5|         array|
|in_fm_buf_5_we0        |  out|    1|   ap_memory|                      in_fm_buf_5|         array|
|in_fm_buf_5_d0         |  out|   16|   ap_memory|                      in_fm_buf_5|         array|
|in_fm_buf_6_address0   |  out|    8|   ap_memory|                      in_fm_buf_6|         array|
|in_fm_buf_6_ce0        |  out|    1|   ap_memory|                      in_fm_buf_6|         array|
|in_fm_buf_6_we0        |  out|    1|   ap_memory|                      in_fm_buf_6|         array|
|in_fm_buf_6_d0         |  out|   16|   ap_memory|                      in_fm_buf_6|         array|
|in_fm_buf_7_address0   |  out|    8|   ap_memory|                      in_fm_buf_7|         array|
|in_fm_buf_7_ce0        |  out|    1|   ap_memory|                      in_fm_buf_7|         array|
|in_fm_buf_7_we0        |  out|    1|   ap_memory|                      in_fm_buf_7|         array|
|in_fm_buf_7_d0         |  out|   16|   ap_memory|                      in_fm_buf_7|         array|
|in_fm_buf_8_address0   |  out|    8|   ap_memory|                      in_fm_buf_8|         array|
|in_fm_buf_8_ce0        |  out|    1|   ap_memory|                      in_fm_buf_8|         array|
|in_fm_buf_8_we0        |  out|    1|   ap_memory|                      in_fm_buf_8|         array|
|in_fm_buf_8_d0         |  out|   16|   ap_memory|                      in_fm_buf_8|         array|
|in_fm_buf_9_address0   |  out|    8|   ap_memory|                      in_fm_buf_9|         array|
|in_fm_buf_9_ce0        |  out|    1|   ap_memory|                      in_fm_buf_9|         array|
|in_fm_buf_9_we0        |  out|    1|   ap_memory|                      in_fm_buf_9|         array|
|in_fm_buf_9_d0         |  out|   16|   ap_memory|                      in_fm_buf_9|         array|
|in_fm_buf_10_address0  |  out|    8|   ap_memory|                     in_fm_buf_10|         array|
|in_fm_buf_10_ce0       |  out|    1|   ap_memory|                     in_fm_buf_10|         array|
|in_fm_buf_10_we0       |  out|    1|   ap_memory|                     in_fm_buf_10|         array|
|in_fm_buf_10_d0        |  out|   16|   ap_memory|                     in_fm_buf_10|         array|
|in_fm_buf_11_address0  |  out|    8|   ap_memory|                     in_fm_buf_11|         array|
|in_fm_buf_11_ce0       |  out|    1|   ap_memory|                     in_fm_buf_11|         array|
|in_fm_buf_11_we0       |  out|    1|   ap_memory|                     in_fm_buf_11|         array|
|in_fm_buf_11_d0        |  out|   16|   ap_memory|                     in_fm_buf_11|         array|
|in_fm_buf_12_address0  |  out|    8|   ap_memory|                     in_fm_buf_12|         array|
|in_fm_buf_12_ce0       |  out|    1|   ap_memory|                     in_fm_buf_12|         array|
|in_fm_buf_12_we0       |  out|    1|   ap_memory|                     in_fm_buf_12|         array|
|in_fm_buf_12_d0        |  out|   16|   ap_memory|                     in_fm_buf_12|         array|
|in_fm_buf_13_address0  |  out|    8|   ap_memory|                     in_fm_buf_13|         array|
|in_fm_buf_13_ce0       |  out|    1|   ap_memory|                     in_fm_buf_13|         array|
|in_fm_buf_13_we0       |  out|    1|   ap_memory|                     in_fm_buf_13|         array|
|in_fm_buf_13_d0        |  out|   16|   ap_memory|                     in_fm_buf_13|         array|
|in_fm_buf_14_address0  |  out|    8|   ap_memory|                     in_fm_buf_14|         array|
|in_fm_buf_14_ce0       |  out|    1|   ap_memory|                     in_fm_buf_14|         array|
|in_fm_buf_14_we0       |  out|    1|   ap_memory|                     in_fm_buf_14|         array|
|in_fm_buf_14_d0        |  out|   16|   ap_memory|                     in_fm_buf_14|         array|
|in_fm_buf_15_address0  |  out|    8|   ap_memory|                     in_fm_buf_15|         array|
|in_fm_buf_15_ce0       |  out|    1|   ap_memory|                     in_fm_buf_15|         array|
|in_fm_buf_15_we0       |  out|    1|   ap_memory|                     in_fm_buf_15|         array|
|in_fm_buf_15_d0        |  out|   16|   ap_memory|                     in_fm_buf_15|         array|
|in_fm_buf_16_address0  |  out|    8|   ap_memory|                     in_fm_buf_16|         array|
|in_fm_buf_16_ce0       |  out|    1|   ap_memory|                     in_fm_buf_16|         array|
|in_fm_buf_16_we0       |  out|    1|   ap_memory|                     in_fm_buf_16|         array|
|in_fm_buf_16_d0        |  out|   16|   ap_memory|                     in_fm_buf_16|         array|
|in_fm_buf_17_address0  |  out|    8|   ap_memory|                     in_fm_buf_17|         array|
|in_fm_buf_17_ce0       |  out|    1|   ap_memory|                     in_fm_buf_17|         array|
|in_fm_buf_17_we0       |  out|    1|   ap_memory|                     in_fm_buf_17|         array|
|in_fm_buf_17_d0        |  out|   16|   ap_memory|                     in_fm_buf_17|         array|
|in_fm_buf_18_address0  |  out|    8|   ap_memory|                     in_fm_buf_18|         array|
|in_fm_buf_18_ce0       |  out|    1|   ap_memory|                     in_fm_buf_18|         array|
|in_fm_buf_18_we0       |  out|    1|   ap_memory|                     in_fm_buf_18|         array|
|in_fm_buf_18_d0        |  out|   16|   ap_memory|                     in_fm_buf_18|         array|
|in_fm_buf_19_address0  |  out|    8|   ap_memory|                     in_fm_buf_19|         array|
|in_fm_buf_19_ce0       |  out|    1|   ap_memory|                     in_fm_buf_19|         array|
|in_fm_buf_19_we0       |  out|    1|   ap_memory|                     in_fm_buf_19|         array|
|in_fm_buf_19_d0        |  out|   16|   ap_memory|                     in_fm_buf_19|         array|
|in_fm_buf_20_address0  |  out|    8|   ap_memory|                     in_fm_buf_20|         array|
|in_fm_buf_20_ce0       |  out|    1|   ap_memory|                     in_fm_buf_20|         array|
|in_fm_buf_20_we0       |  out|    1|   ap_memory|                     in_fm_buf_20|         array|
|in_fm_buf_20_d0        |  out|   16|   ap_memory|                     in_fm_buf_20|         array|
|in_fm_buf_21_address0  |  out|    8|   ap_memory|                     in_fm_buf_21|         array|
|in_fm_buf_21_ce0       |  out|    1|   ap_memory|                     in_fm_buf_21|         array|
|in_fm_buf_21_we0       |  out|    1|   ap_memory|                     in_fm_buf_21|         array|
|in_fm_buf_21_d0        |  out|   16|   ap_memory|                     in_fm_buf_21|         array|
|in_fm_buf_22_address0  |  out|    8|   ap_memory|                     in_fm_buf_22|         array|
|in_fm_buf_22_ce0       |  out|    1|   ap_memory|                     in_fm_buf_22|         array|
|in_fm_buf_22_we0       |  out|    1|   ap_memory|                     in_fm_buf_22|         array|
|in_fm_buf_22_d0        |  out|   16|   ap_memory|                     in_fm_buf_22|         array|
|in_fm_buf_23_address0  |  out|    8|   ap_memory|                     in_fm_buf_23|         array|
|in_fm_buf_23_ce0       |  out|    1|   ap_memory|                     in_fm_buf_23|         array|
|in_fm_buf_23_we0       |  out|    1|   ap_memory|                     in_fm_buf_23|         array|
|in_fm_buf_23_d0        |  out|   16|   ap_memory|                     in_fm_buf_23|         array|
|in_fm_buf_24_address0  |  out|    8|   ap_memory|                     in_fm_buf_24|         array|
|in_fm_buf_24_ce0       |  out|    1|   ap_memory|                     in_fm_buf_24|         array|
|in_fm_buf_24_we0       |  out|    1|   ap_memory|                     in_fm_buf_24|         array|
|in_fm_buf_24_d0        |  out|   16|   ap_memory|                     in_fm_buf_24|         array|
|in_fm_buf_25_address0  |  out|    8|   ap_memory|                     in_fm_buf_25|         array|
|in_fm_buf_25_ce0       |  out|    1|   ap_memory|                     in_fm_buf_25|         array|
|in_fm_buf_25_we0       |  out|    1|   ap_memory|                     in_fm_buf_25|         array|
|in_fm_buf_25_d0        |  out|   16|   ap_memory|                     in_fm_buf_25|         array|
|in_fm_buf_26_address0  |  out|    8|   ap_memory|                     in_fm_buf_26|         array|
|in_fm_buf_26_ce0       |  out|    1|   ap_memory|                     in_fm_buf_26|         array|
|in_fm_buf_26_we0       |  out|    1|   ap_memory|                     in_fm_buf_26|         array|
|in_fm_buf_26_d0        |  out|   16|   ap_memory|                     in_fm_buf_26|         array|
|in_fm_buf_27_address0  |  out|    8|   ap_memory|                     in_fm_buf_27|         array|
|in_fm_buf_27_ce0       |  out|    1|   ap_memory|                     in_fm_buf_27|         array|
|in_fm_buf_27_we0       |  out|    1|   ap_memory|                     in_fm_buf_27|         array|
|in_fm_buf_27_d0        |  out|   16|   ap_memory|                     in_fm_buf_27|         array|
|in_fm_buf_28_address0  |  out|    8|   ap_memory|                     in_fm_buf_28|         array|
|in_fm_buf_28_ce0       |  out|    1|   ap_memory|                     in_fm_buf_28|         array|
|in_fm_buf_28_we0       |  out|    1|   ap_memory|                     in_fm_buf_28|         array|
|in_fm_buf_28_d0        |  out|   16|   ap_memory|                     in_fm_buf_28|         array|
|in_fm_buf_29_address0  |  out|    8|   ap_memory|                     in_fm_buf_29|         array|
|in_fm_buf_29_ce0       |  out|    1|   ap_memory|                     in_fm_buf_29|         array|
|in_fm_buf_29_we0       |  out|    1|   ap_memory|                     in_fm_buf_29|         array|
|in_fm_buf_29_d0        |  out|   16|   ap_memory|                     in_fm_buf_29|         array|
|in_fm_buf_30_address0  |  out|    8|   ap_memory|                     in_fm_buf_30|         array|
|in_fm_buf_30_ce0       |  out|    1|   ap_memory|                     in_fm_buf_30|         array|
|in_fm_buf_30_we0       |  out|    1|   ap_memory|                     in_fm_buf_30|         array|
|in_fm_buf_30_d0        |  out|   16|   ap_memory|                     in_fm_buf_30|         array|
|in_fm_buf_31_address0  |  out|    8|   ap_memory|                     in_fm_buf_31|         array|
|in_fm_buf_31_ce0       |  out|    1|   ap_memory|                     in_fm_buf_31|         array|
|in_fm_buf_31_we0       |  out|    1|   ap_memory|                     in_fm_buf_31|         array|
|in_fm_buf_31_d0        |  out|   16|   ap_memory|                     in_fm_buf_31|         array|
|in_fm_buf_32_address0  |  out|    8|   ap_memory|                     in_fm_buf_32|         array|
|in_fm_buf_32_ce0       |  out|    1|   ap_memory|                     in_fm_buf_32|         array|
|in_fm_buf_32_we0       |  out|    1|   ap_memory|                     in_fm_buf_32|         array|
|in_fm_buf_32_d0        |  out|   16|   ap_memory|                     in_fm_buf_32|         array|
|in_fm_buf_33_address0  |  out|    8|   ap_memory|                     in_fm_buf_33|         array|
|in_fm_buf_33_ce0       |  out|    1|   ap_memory|                     in_fm_buf_33|         array|
|in_fm_buf_33_we0       |  out|    1|   ap_memory|                     in_fm_buf_33|         array|
|in_fm_buf_33_d0        |  out|   16|   ap_memory|                     in_fm_buf_33|         array|
|in_fm_buf_34_address0  |  out|    8|   ap_memory|                     in_fm_buf_34|         array|
|in_fm_buf_34_ce0       |  out|    1|   ap_memory|                     in_fm_buf_34|         array|
|in_fm_buf_34_we0       |  out|    1|   ap_memory|                     in_fm_buf_34|         array|
|in_fm_buf_34_d0        |  out|   16|   ap_memory|                     in_fm_buf_34|         array|
|in_fm_buf_35_address0  |  out|    8|   ap_memory|                     in_fm_buf_35|         array|
|in_fm_buf_35_ce0       |  out|    1|   ap_memory|                     in_fm_buf_35|         array|
|in_fm_buf_35_we0       |  out|    1|   ap_memory|                     in_fm_buf_35|         array|
|in_fm_buf_35_d0        |  out|   16|   ap_memory|                     in_fm_buf_35|         array|
|in_fm_buf_36_address0  |  out|    8|   ap_memory|                     in_fm_buf_36|         array|
|in_fm_buf_36_ce0       |  out|    1|   ap_memory|                     in_fm_buf_36|         array|
|in_fm_buf_36_we0       |  out|    1|   ap_memory|                     in_fm_buf_36|         array|
|in_fm_buf_36_d0        |  out|   16|   ap_memory|                     in_fm_buf_36|         array|
|in_fm_buf_37_address0  |  out|    8|   ap_memory|                     in_fm_buf_37|         array|
|in_fm_buf_37_ce0       |  out|    1|   ap_memory|                     in_fm_buf_37|         array|
|in_fm_buf_37_we0       |  out|    1|   ap_memory|                     in_fm_buf_37|         array|
|in_fm_buf_37_d0        |  out|   16|   ap_memory|                     in_fm_buf_37|         array|
|in_fm_buf_38_address0  |  out|    8|   ap_memory|                     in_fm_buf_38|         array|
|in_fm_buf_38_ce0       |  out|    1|   ap_memory|                     in_fm_buf_38|         array|
|in_fm_buf_38_we0       |  out|    1|   ap_memory|                     in_fm_buf_38|         array|
|in_fm_buf_38_d0        |  out|   16|   ap_memory|                     in_fm_buf_38|         array|
|in_fm_buf_39_address0  |  out|    8|   ap_memory|                     in_fm_buf_39|         array|
|in_fm_buf_39_ce0       |  out|    1|   ap_memory|                     in_fm_buf_39|         array|
|in_fm_buf_39_we0       |  out|    1|   ap_memory|                     in_fm_buf_39|         array|
|in_fm_buf_39_d0        |  out|   16|   ap_memory|                     in_fm_buf_39|         array|
|in_fm_buf_40_address0  |  out|    8|   ap_memory|                     in_fm_buf_40|         array|
|in_fm_buf_40_ce0       |  out|    1|   ap_memory|                     in_fm_buf_40|         array|
|in_fm_buf_40_we0       |  out|    1|   ap_memory|                     in_fm_buf_40|         array|
|in_fm_buf_40_d0        |  out|   16|   ap_memory|                     in_fm_buf_40|         array|
|in_fm_buf_41_address0  |  out|    8|   ap_memory|                     in_fm_buf_41|         array|
|in_fm_buf_41_ce0       |  out|    1|   ap_memory|                     in_fm_buf_41|         array|
|in_fm_buf_41_we0       |  out|    1|   ap_memory|                     in_fm_buf_41|         array|
|in_fm_buf_41_d0        |  out|   16|   ap_memory|                     in_fm_buf_41|         array|
|in_fm_buf_42_address0  |  out|    8|   ap_memory|                     in_fm_buf_42|         array|
|in_fm_buf_42_ce0       |  out|    1|   ap_memory|                     in_fm_buf_42|         array|
|in_fm_buf_42_we0       |  out|    1|   ap_memory|                     in_fm_buf_42|         array|
|in_fm_buf_42_d0        |  out|   16|   ap_memory|                     in_fm_buf_42|         array|
|in_fm_buf_43_address0  |  out|    8|   ap_memory|                     in_fm_buf_43|         array|
|in_fm_buf_43_ce0       |  out|    1|   ap_memory|                     in_fm_buf_43|         array|
|in_fm_buf_43_we0       |  out|    1|   ap_memory|                     in_fm_buf_43|         array|
|in_fm_buf_43_d0        |  out|   16|   ap_memory|                     in_fm_buf_43|         array|
|in_fm_buf_44_address0  |  out|    8|   ap_memory|                     in_fm_buf_44|         array|
|in_fm_buf_44_ce0       |  out|    1|   ap_memory|                     in_fm_buf_44|         array|
|in_fm_buf_44_we0       |  out|    1|   ap_memory|                     in_fm_buf_44|         array|
|in_fm_buf_44_d0        |  out|   16|   ap_memory|                     in_fm_buf_44|         array|
|in_fm_buf_45_address0  |  out|    8|   ap_memory|                     in_fm_buf_45|         array|
|in_fm_buf_45_ce0       |  out|    1|   ap_memory|                     in_fm_buf_45|         array|
|in_fm_buf_45_we0       |  out|    1|   ap_memory|                     in_fm_buf_45|         array|
|in_fm_buf_45_d0        |  out|   16|   ap_memory|                     in_fm_buf_45|         array|
|m_axi_fm_AWVALID       |  out|    1|       m_axi|                               fm|       pointer|
|m_axi_fm_AWREADY       |   in|    1|       m_axi|                               fm|       pointer|
|m_axi_fm_AWADDR        |  out|   64|       m_axi|                               fm|       pointer|
|m_axi_fm_AWID          |  out|    1|       m_axi|                               fm|       pointer|
|m_axi_fm_AWLEN         |  out|   32|       m_axi|                               fm|       pointer|
|m_axi_fm_AWSIZE        |  out|    3|       m_axi|                               fm|       pointer|
|m_axi_fm_AWBURST       |  out|    2|       m_axi|                               fm|       pointer|
|m_axi_fm_AWLOCK        |  out|    2|       m_axi|                               fm|       pointer|
|m_axi_fm_AWCACHE       |  out|    4|       m_axi|                               fm|       pointer|
|m_axi_fm_AWPROT        |  out|    3|       m_axi|                               fm|       pointer|
|m_axi_fm_AWQOS         |  out|    4|       m_axi|                               fm|       pointer|
|m_axi_fm_AWREGION      |  out|    4|       m_axi|                               fm|       pointer|
|m_axi_fm_AWUSER        |  out|    1|       m_axi|                               fm|       pointer|
|m_axi_fm_WVALID        |  out|    1|       m_axi|                               fm|       pointer|
|m_axi_fm_WREADY        |   in|    1|       m_axi|                               fm|       pointer|
|m_axi_fm_WDATA         |  out|   16|       m_axi|                               fm|       pointer|
|m_axi_fm_WSTRB         |  out|    2|       m_axi|                               fm|       pointer|
|m_axi_fm_WLAST         |  out|    1|       m_axi|                               fm|       pointer|
|m_axi_fm_WID           |  out|    1|       m_axi|                               fm|       pointer|
|m_axi_fm_WUSER         |  out|    1|       m_axi|                               fm|       pointer|
|m_axi_fm_ARVALID       |  out|    1|       m_axi|                               fm|       pointer|
|m_axi_fm_ARREADY       |   in|    1|       m_axi|                               fm|       pointer|
|m_axi_fm_ARADDR        |  out|   64|       m_axi|                               fm|       pointer|
|m_axi_fm_ARID          |  out|    1|       m_axi|                               fm|       pointer|
|m_axi_fm_ARLEN         |  out|   32|       m_axi|                               fm|       pointer|
|m_axi_fm_ARSIZE        |  out|    3|       m_axi|                               fm|       pointer|
|m_axi_fm_ARBURST       |  out|    2|       m_axi|                               fm|       pointer|
|m_axi_fm_ARLOCK        |  out|    2|       m_axi|                               fm|       pointer|
|m_axi_fm_ARCACHE       |  out|    4|       m_axi|                               fm|       pointer|
|m_axi_fm_ARPROT        |  out|    3|       m_axi|                               fm|       pointer|
|m_axi_fm_ARQOS         |  out|    4|       m_axi|                               fm|       pointer|
|m_axi_fm_ARREGION      |  out|    4|       m_axi|                               fm|       pointer|
|m_axi_fm_ARUSER        |  out|    1|       m_axi|                               fm|       pointer|
|m_axi_fm_RVALID        |   in|    1|       m_axi|                               fm|       pointer|
|m_axi_fm_RREADY        |  out|    1|       m_axi|                               fm|       pointer|
|m_axi_fm_RDATA         |   in|   16|       m_axi|                               fm|       pointer|
|m_axi_fm_RLAST         |   in|    1|       m_axi|                               fm|       pointer|
|m_axi_fm_RID           |   in|    1|       m_axi|                               fm|       pointer|
|m_axi_fm_RFIFONUM      |   in|   10|       m_axi|                               fm|       pointer|
|m_axi_fm_RUSER         |   in|    1|       m_axi|                               fm|       pointer|
|m_axi_fm_RRESP         |   in|    2|       m_axi|                               fm|       pointer|
|m_axi_fm_BVALID        |   in|    1|       m_axi|                               fm|       pointer|
|m_axi_fm_BREADY        |  out|    1|       m_axi|                               fm|       pointer|
|m_axi_fm_BRESP         |   in|    2|       m_axi|                               fm|       pointer|
|m_axi_fm_BID           |   in|    1|       m_axi|                               fm|       pointer|
|m_axi_fm_BUSER         |   in|    1|       m_axi|                               fm|       pointer|
|in_fm                  |   in|   64|     ap_none|                            in_fm|        scalar|
|ti                     |   in|    5|     ap_none|                               ti|        scalar|
|tj                     |   in|    5|     ap_none|                               tj|        scalar|
+-----------------------+-----+-----+------------+---------------------------------+--------------+

