

================================================================
== Vitis HLS Report for 'store_output_tile_to_DRAM_Pipeline_OUTPUT_BUFFER_DEPTH_OUTPUT_BUFFER_HEIGHT_OUTP'
================================================================
* Date:           Sat Mar 25 14:07:42 2023

* Version:        2022.1.2 (Build 3605665 on Fri Aug  5 22:52:02 MDT 2022)
* Project:        proj
* Solution:       solution1 (Vivado IP Flow Target)
* Product family: zynq
* Target device:  xc7z020-clg400-1


================================================================
== Performance Estimates
================================================================
+ Timing: 
    * Summary: 
    +--------+----------+----------+------------+
    |  Clock |  Target  | Estimated| Uncertainty|
    +--------+----------+----------+------------+
    |ap_clk  |  10.00 ns|  7.300 ns|     2.70 ns|
    +--------+----------+----------+------------+

+ Latency: 
    * Summary: 
    +---------+---------+-----------+-----------+------+------+---------+
    |  Latency (cycles) |   Latency (absolute)  |   Interval  | Pipeline|
    |   min   |   max   |    min    |    max    |  min |  max |   Type  |
    +---------+---------+-----------+-----------+------+------+---------+
    |     1862|     1862|  18.620 us|  18.620 us|  1862|  1862|       no|
    +---------+---------+-----------+-----------+------+------+---------+

    + Detail: 
        * Instance: 
        N/A

        * Loop: 
        +----------------------------------------------------------------+---------+---------+----------+-----------+-----------+------+----------+
        |                                                                |  Latency (cycles) | Iteration|  Initiation Interval  | Trip |          |
        |                            Loop Name                           |   min   |   max   |  Latency |  achieved |   target  | Count| Pipelined|
        +----------------------------------------------------------------+---------+---------+----------+-----------+-----------+------+----------+
        |- OUTPUT_BUFFER_DEPTH_OUTPUT_BUFFER_HEIGHT_OUTPUT_BUFFER_WIDTH  |     1860|     1860|        22|          1|          1|  1840|       yes|
        +----------------------------------------------------------------+---------+---------+----------+-----------+-----------+------+----------+



================================================================
== Utilization Estimates
================================================================
* Summary: 
+-----------------+---------+-----+--------+-------+-----+
|       Name      | BRAM_18K| DSP |   FF   |  LUT  | URAM|
+-----------------+---------+-----+--------+-------+-----+
|DSP              |        -|    2|       -|      -|    -|
|Expression       |        -|    -|       0|    869|    -|
|FIFO             |        -|    -|       -|      -|    -|
|Instance         |        -|    -|     680|    504|    -|
|Memory           |        -|    -|       -|      -|    -|
|Multiplexer      |        -|    -|       -|     99|    -|
|Register         |        -|    -|     708|    128|    -|
+-----------------+---------+-----+--------+-------+-----+
|Total            |        0|    2|    1388|   1600|    0|
+-----------------+---------+-----+--------+-------+-----+
|Available        |      280|  220|  106400|  53200|    0|
+-----------------+---------+-----+--------+-------+-----+
|Utilization (%)  |        0|   ~0|       1|      3|    0|
+-----------------+---------+-----+--------+-------+-----+

+ Detail: 
    * Instance: 
    +----------------------------+-----------------------+---------+----+-----+-----+-----+
    |          Instance          |         Module        | BRAM_18K| DSP|  FF | LUT | URAM|
    +----------------------------+-----------------------+---------+----+-----+-----+-----+
    |mux_43_16_1_1_U278          |mux_43_16_1_1          |        0|   0|    0|   20|    0|
    |urem_11ns_6ns_11_15_1_U276  |urem_11ns_6ns_11_15_1  |        0|   0|  340|  242|    0|
    |urem_11ns_6ns_11_15_1_U277  |urem_11ns_6ns_11_15_1  |        0|   0|  340|  242|    0|
    +----------------------------+-----------------------+---------+----+-----+-----+-----+
    |Total                       |                       |        0|   0|  680|  504|    0|
    +----------------------------+-----------------------+---------+----+-----+-----+-----+

    * DSP: 
    +------------------------------+-------------------------+-----------+
    |           Instance           |          Module         | Expression|
    +------------------------------+-------------------------+-----------+
    |mul_mul_6ns_19ns_25_1_1_U279  |mul_mul_6ns_19ns_25_1_1  |    i0 * i1|
    |mul_mul_6ns_19ns_25_1_1_U280  |mul_mul_6ns_19ns_25_1_1  |    i0 * i1|
    +------------------------------+-------------------------+-----------+

    * Memory: 
    N/A

    * FIFO: 
    N/A

    * Expression: 
    +------------------------------------+----------+----+---+----+------------+------------+
    |            Variable Name           | Operation| DSP| FF| LUT| Bitwidth P0| Bitwidth P1|
    +------------------------------------+----------+----+---+----+------------+------------+
    |add_ln123_1_fu_318_p2               |         +|   0|  0|  12|          11|           1|
    |add_ln123_fu_356_p2                 |         +|   0|  0|  11|           3|           1|
    |add_ln126_1_fu_388_p2               |         +|   0|  0|  13|          10|           1|
    |add_ln126_fu_448_p2                 |         +|   0|  0|  13|           5|           1|
    |add_ln129_fu_475_p2                 |         +|   0|  0|  13|           5|           1|
    |add_ln138_1_fu_527_p2               |         +|   0|  0|  19|          19|          19|
    |add_ln138_2_fu_532_p2               |         +|   0|  0|  19|          19|          19|
    |add_ln138_3_fu_621_p2               |         +|   0|  0|  71|          64|          64|
    |add_ln138_4_fu_541_p2               |         +|   0|  0|  71|          64|          64|
    |add_ln138_5_fu_631_p2               |         +|   0|  0|  71|          64|          64|
    |add_ln138_6_fu_598_p2               |         +|   0|  0|  19|          19|          19|
    |add_ln138_7_fu_603_p2               |         +|   0|  0|  19|          19|          19|
    |add_ln138_8_fu_638_p2               |         +|   0|  0|  71|          64|          64|
    |add_ln138_fu_494_p2                 |         +|   0|  0|  71|          64|          64|
    |add_ln1696_1_fu_612_p2              |         +|   0|  0|   9|           9|           9|
    |add_ln1696_fu_564_p2                |         +|   0|  0|   9|           9|           9|
    |empty_46_fu_502_p2                  |         +|   0|  0|  14|           9|           9|
    |empty_fu_348_p2                     |         +|   0|  0|  14|           6|           6|
    |p_mid111_fu_372_p2                  |         +|   0|  0|  14|           6|           6|
    |p_mid1_fu_573_p2                    |         +|   0|  0|  14|           9|           9|
    |and_ln123_fu_442_p2                 |       and|   0|  0|   2|           1|           1|
    |ap_block_pp0_stage0_01001           |       and|   0|  0|   2|           1|           1|
    |ap_block_state16_io                 |       and|   0|  0|   2|           1|           1|
    |ap_block_state22_pp0_stage0_iter21  |       and|   0|  0|   2|           1|           1|
    |empty_49_fu_705_p2                  |      icmp|   0|  0|  11|          11|           1|
    |empty_51_fu_711_p2                  |      icmp|   0|  0|  11|          11|           1|
    |icmp_ln123_fu_312_p2                |      icmp|   0|  0|  11|          11|           9|
    |icmp_ln126_fu_362_p2                |      icmp|   0|  0|  11|          10|           9|
    |icmp_ln129_fu_436_p2                |      icmp|   0|  0|   9|           5|           5|
    |ap_block_pp0_stage0_11001           |        or|   0|  0|   2|           1|           1|
    |or_ln126_fu_454_p2                  |        or|   0|  0|   2|           1|           1|
    |select_ln123_1_fu_626_p3            |    select|   0|  0|  64|           1|          64|
    |select_ln123_2_fu_377_p3            |    select|   0|  0|   3|           1|           3|
    |select_ln123_3_fu_674_p3            |    select|   0|  0|  63|           1|          63|
    |select_ln123_fu_421_p3              |    select|   0|  0|   5|           1|           1|
    |select_ln126_1_fu_467_p3            |    select|   0|  0|   5|           1|           5|
    |select_ln126_2_fu_681_p3            |    select|   0|  0|  63|           1|          63|
    |select_ln126_3_fu_394_p3            |    select|   0|  0|  10|           1|           1|
    |select_ln126_fu_459_p3              |    select|   0|  0|   5|           1|           1|
    |select_ln132_fu_742_p3              |    select|   0|  0|  15|           1|           1|
    |ap_enable_pp0                       |       xor|   0|  0|   2|           1|           2|
    |xor_ln123_fu_431_p2                 |       xor|   0|  0|   2|           1|           2|
    +------------------------------------+----------+----+---+----+------------+------------+
    |Total                               |          |   0|  0| 869|         543|         686|
    +------------------------------------+----------+----+---+----+------------+------------+

    * Multiplexer: 
    +----------------------------------------+----+-----------+-----+-----------+
    |                  Name                  | LUT| Input Size| Bits| Total Bits|
    +----------------------------------------+----+-----------+-----+-----------+
    |ap_done_int                             |   9|          2|    1|          2|
    |ap_enable_reg_pp0_iter15                |   9|          2|    1|          2|
    |ap_sig_allocacmp_indvar_flatten45_load  |   9|          2|   11|         22|
    |f_fu_152                                |   9|          2|    3|          6|
    |fm_blk_n_AW                             |   9|          2|    1|          2|
    |fm_blk_n_B                              |   9|          2|    1|          2|
    |fm_blk_n_W                              |   9|          2|    1|          2|
    |i_fu_144                                |   9|          2|    5|         10|
    |indvar_flatten45_fu_156                 |   9|          2|   11|         22|
    |indvar_flatten_fu_148                   |   9|          2|   10|         20|
    |j_fu_140                                |   9|          2|    5|         10|
    +----------------------------------------+----+-----------+-----+-----------+
    |Total                                   |  99|         22|   50|        100|
    +----------------------------------------+----+-----------+-----+-----------+

    * Register: 
    +-----------------------------------+----+----+-----+-----------+
    |                Name               | FF | LUT| Bits| Const Bits|
    +-----------------------------------+----+----+-----+-----------+
    |add_ln126_reg_889                  |   5|   0|    5|          0|
    |add_ln138_2_reg_911                |  19|   0|   19|          0|
    |add_ln138_4_reg_916                |  64|   0|   64|          0|
    |add_ln138_7_reg_922                |  19|   0|   19|          0|
    |add_ln138_reg_905                  |  64|   0|   64|          0|
    |add_ln1696_1_reg_927               |   9|   0|    9|          0|
    |and_ln123_reg_884                  |   1|   0|    1|          0|
    |and_ln123_reg_884_pp0_iter13_reg   |   1|   0|    1|          0|
    |ap_CS_fsm                          |   1|   0|    1|          0|
    |ap_done_reg                        |   1|   0|    1|          0|
    |ap_enable_reg_pp0_iter1            |   1|   0|    1|          0|
    |ap_enable_reg_pp0_iter10           |   1|   0|    1|          0|
    |ap_enable_reg_pp0_iter11           |   1|   0|    1|          0|
    |ap_enable_reg_pp0_iter12           |   1|   0|    1|          0|
    |ap_enable_reg_pp0_iter13           |   1|   0|    1|          0|
    |ap_enable_reg_pp0_iter14           |   1|   0|    1|          0|
    |ap_enable_reg_pp0_iter15           |   1|   0|    1|          0|
    |ap_enable_reg_pp0_iter16           |   1|   0|    1|          0|
    |ap_enable_reg_pp0_iter17           |   1|   0|    1|          0|
    |ap_enable_reg_pp0_iter18           |   1|   0|    1|          0|
    |ap_enable_reg_pp0_iter19           |   1|   0|    1|          0|
    |ap_enable_reg_pp0_iter2            |   1|   0|    1|          0|
    |ap_enable_reg_pp0_iter20           |   1|   0|    1|          0|
    |ap_enable_reg_pp0_iter21           |   1|   0|    1|          0|
    |ap_enable_reg_pp0_iter3            |   1|   0|    1|          0|
    |ap_enable_reg_pp0_iter4            |   1|   0|    1|          0|
    |ap_enable_reg_pp0_iter5            |   1|   0|    1|          0|
    |ap_enable_reg_pp0_iter6            |   1|   0|    1|          0|
    |ap_enable_reg_pp0_iter7            |   1|   0|    1|          0|
    |ap_enable_reg_pp0_iter8            |   1|   0|    1|          0|
    |ap_enable_reg_pp0_iter9            |   1|   0|    1|          0|
    |ap_loop_exit_ready_pp0_iter10_reg  |   1|   0|    1|          0|
    |ap_loop_exit_ready_pp0_iter11_reg  |   1|   0|    1|          0|
    |ap_loop_exit_ready_pp0_iter12_reg  |   1|   0|    1|          0|
    |ap_loop_exit_ready_pp0_iter13_reg  |   1|   0|    1|          0|
    |ap_loop_exit_ready_pp0_iter14_reg  |   1|   0|    1|          0|
    |ap_loop_exit_ready_pp0_iter15_reg  |   1|   0|    1|          0|
    |ap_loop_exit_ready_pp0_iter16_reg  |   1|   0|    1|          0|
    |ap_loop_exit_ready_pp0_iter17_reg  |   1|   0|    1|          0|
    |ap_loop_exit_ready_pp0_iter18_reg  |   1|   0|    1|          0|
    |ap_loop_exit_ready_pp0_iter19_reg  |   1|   0|    1|          0|
    |ap_loop_exit_ready_pp0_iter1_reg   |   1|   0|    1|          0|
    |ap_loop_exit_ready_pp0_iter20_reg  |   1|   0|    1|          0|
    |ap_loop_exit_ready_pp0_iter2_reg   |   1|   0|    1|          0|
    |ap_loop_exit_ready_pp0_iter3_reg   |   1|   0|    1|          0|
    |ap_loop_exit_ready_pp0_iter4_reg   |   1|   0|    1|          0|
    |ap_loop_exit_ready_pp0_iter5_reg   |   1|   0|    1|          0|
    |ap_loop_exit_ready_pp0_iter6_reg   |   1|   0|    1|          0|
    |ap_loop_exit_ready_pp0_iter7_reg   |   1|   0|    1|          0|
    |ap_loop_exit_ready_pp0_iter8_reg   |   1|   0|    1|          0|
    |ap_loop_exit_ready_pp0_iter9_reg   |   1|   0|    1|          0|
    |empty_49_reg_958                   |   1|   0|    1|          0|
    |empty_51_reg_962                   |   1|   0|    1|          0|
    |empty_reg_845                      |   6|   0|    6|          0|
    |f_fu_152                           |   3|   0|    3|          0|
    |fm_addr_reg_952                    |  64|   0|   64|          0|
    |i_1_reg_869                        |   5|   0|    5|          0|
    |i_fu_144                           |   5|   0|    5|          0|
    |icmp_ln123_reg_836                 |   1|   0|    1|          0|
    |icmp_ln126_reg_850                 |   1|   0|    1|          0|
    |indvar_flatten45_fu_156            |  11|   0|   11|          0|
    |indvar_flatten_fu_148              |  10|   0|   10|          0|
    |j_fu_140                           |   5|   0|    5|          0|
    |mul_ln138_1_reg_879                |  25|   0|   25|          0|
    |mul_ln138_reg_874                  |  25|   0|   25|          0|
    |p_mid111_reg_859                   |   6|   0|    6|          0|
    |select_ln123_2_reg_864             |   3|   0|    3|          0|
    |select_ln126_1_reg_899             |   5|   0|    5|          0|
    |select_ln126_reg_894               |   5|   0|    5|          0|
    |select_ln132_reg_966               |  15|   0|   15|          0|
    |zext_ln138_1_cast_reg_825          |  11|   0|   19|          8|
    |zext_ln138_2_cast_reg_820          |  19|   0|   64|         45|
    |empty_51_reg_962                   |  64|  32|    1|          0|
    |icmp_ln123_reg_836                 |  64|  32|    1|          0|
    |icmp_ln126_reg_850                 |  64|  32|    1|          0|
    |select_ln123_2_reg_864             |  64|  32|    3|          0|
    +-----------------------------------+----+----+-----+-----------+
    |Total                              | 708| 128|  511|         53|
    +-----------------------------------+----+----+-----+-----------+



================================================================
== Interface
================================================================
* Summary: 
+-----------------------+-----+-----+------------+----------------------------------------------------------------------------------+--------------+
|       RTL Ports       | Dir | Bits|  Protocol  |                                   Source Object                                  |    C Type    |
+-----------------------+-----+-----+------------+----------------------------------------------------------------------------------+--------------+
|ap_clk                 |   in|    1|  ap_ctrl_hs|  store_output_tile_to_DRAM_Pipeline_OUTPUT_BUFFER_DEPTH_OUTPUT_BUFFER_HEIGHT_OUTP|  return value|
|ap_rst                 |   in|    1|  ap_ctrl_hs|  store_output_tile_to_DRAM_Pipeline_OUTPUT_BUFFER_DEPTH_OUTPUT_BUFFER_HEIGHT_OUTP|  return value|
|ap_start               |   in|    1|  ap_ctrl_hs|  store_output_tile_to_DRAM_Pipeline_OUTPUT_BUFFER_DEPTH_OUTPUT_BUFFER_HEIGHT_OUTP|  return value|
|ap_done                |  out|    1|  ap_ctrl_hs|  store_output_tile_to_DRAM_Pipeline_OUTPUT_BUFFER_DEPTH_OUTPUT_BUFFER_HEIGHT_OUTP|  return value|
|ap_idle                |  out|    1|  ap_ctrl_hs|  store_output_tile_to_DRAM_Pipeline_OUTPUT_BUFFER_DEPTH_OUTPUT_BUFFER_HEIGHT_OUTP|  return value|
|ap_ready               |  out|    1|  ap_ctrl_hs|  store_output_tile_to_DRAM_Pipeline_OUTPUT_BUFFER_DEPTH_OUTPUT_BUFFER_HEIGHT_OUTP|  return value|
|m_axi_fm_AWVALID       |  out|    1|       m_axi|                                                                                fm|       pointer|
|m_axi_fm_AWREADY       |   in|    1|       m_axi|                                                                                fm|       pointer|
|m_axi_fm_AWADDR        |  out|   64|       m_axi|                                                                                fm|       pointer|
|m_axi_fm_AWID          |  out|    1|       m_axi|                                                                                fm|       pointer|
|m_axi_fm_AWLEN         |  out|   32|       m_axi|                                                                                fm|       pointer|
|m_axi_fm_AWSIZE        |  out|    3|       m_axi|                                                                                fm|       pointer|
|m_axi_fm_AWBURST       |  out|    2|       m_axi|                                                                                fm|       pointer|
|m_axi_fm_AWLOCK        |  out|    2|       m_axi|                                                                                fm|       pointer|
|m_axi_fm_AWCACHE       |  out|    4|       m_axi|                                                                                fm|       pointer|
|m_axi_fm_AWPROT        |  out|    3|       m_axi|                                                                                fm|       pointer|
|m_axi_fm_AWQOS         |  out|    4|       m_axi|                                                                                fm|       pointer|
|m_axi_fm_AWREGION      |  out|    4|       m_axi|                                                                                fm|       pointer|
|m_axi_fm_AWUSER        |  out|    1|       m_axi|                                                                                fm|       pointer|
|m_axi_fm_WVALID        |  out|    1|       m_axi|                                                                                fm|       pointer|
|m_axi_fm_WREADY        |   in|    1|       m_axi|                                                                                fm|       pointer|
|m_axi_fm_WDATA         |  out|   16|       m_axi|                                                                                fm|       pointer|
|m_axi_fm_WSTRB         |  out|    2|       m_axi|                                                                                fm|       pointer|
|m_axi_fm_WLAST         |  out|    1|       m_axi|                                                                                fm|       pointer|
|m_axi_fm_WID           |  out|    1|       m_axi|                                                                                fm|       pointer|
|m_axi_fm_WUSER         |  out|    1|       m_axi|                                                                                fm|       pointer|
|m_axi_fm_ARVALID       |  out|    1|       m_axi|                                                                                fm|       pointer|
|m_axi_fm_ARREADY       |   in|    1|       m_axi|                                                                                fm|       pointer|
|m_axi_fm_ARADDR        |  out|   64|       m_axi|                                                                                fm|       pointer|
|m_axi_fm_ARID          |  out|    1|       m_axi|                                                                                fm|       pointer|
|m_axi_fm_ARLEN         |  out|   32|       m_axi|                                                                                fm|       pointer|
|m_axi_fm_ARSIZE        |  out|    3|       m_axi|                                                                                fm|       pointer|
|m_axi_fm_ARBURST       |  out|    2|       m_axi|                                                                                fm|       pointer|
|m_axi_fm_ARLOCK        |  out|    2|       m_axi|                                                                                fm|       pointer|
|m_axi_fm_ARCACHE       |  out|    4|       m_axi|                                                                                fm|       pointer|
|m_axi_fm_ARPROT        |  out|    3|       m_axi|                                                                                fm|       pointer|
|m_axi_fm_ARQOS         |  out|    4|       m_axi|                                                                                fm|       pointer|
|m_axi_fm_ARREGION      |  out|    4|       m_axi|                                                                                fm|       pointer|
|m_axi_fm_ARUSER        |  out|    1|       m_axi|                                                                                fm|       pointer|
|m_axi_fm_RVALID        |   in|    1|       m_axi|                                                                                fm|       pointer|
|m_axi_fm_RREADY        |  out|    1|       m_axi|                                                                                fm|       pointer|
|m_axi_fm_RDATA         |   in|   16|       m_axi|                                                                                fm|       pointer|
|m_axi_fm_RLAST         |   in|    1|       m_axi|                                                                                fm|       pointer|
|m_axi_fm_RID           |   in|    1|       m_axi|                                                                                fm|       pointer|
|m_axi_fm_RFIFONUM      |   in|   10|       m_axi|                                                                                fm|       pointer|
|m_axi_fm_RUSER         |   in|    1|       m_axi|                                                                                fm|       pointer|
|m_axi_fm_RRESP         |   in|    2|       m_axi|                                                                                fm|       pointer|
|m_axi_fm_BVALID        |   in|    1|       m_axi|                                                                                fm|       pointer|
|m_axi_fm_BREADY        |  out|    1|       m_axi|                                                                                fm|       pointer|
|m_axi_fm_BRESP         |   in|    2|       m_axi|                                                                                fm|       pointer|
|m_axi_fm_BID           |   in|    1|       m_axi|                                                                                fm|       pointer|
|m_axi_fm_BUSER         |   in|    1|       m_axi|                                                                                fm|       pointer|
|depth_offset           |   in|    6|     ap_none|                                                                      depth_offset|        scalar|
|out_fm                 |   in|   64|     ap_none|                                                                            out_fm|        scalar|
|height_offset          |   in|    9|     ap_none|                                                                     height_offset|        scalar|
|zext_ln138_1           |   in|   11|     ap_none|                                                                      zext_ln138_1|        scalar|
|shl_ln138_mid          |   in|   19|     ap_none|                                                                     shl_ln138_mid|        scalar|
|zext_ln129_1           |   in|   17|     ap_none|                                                                      zext_ln129_1|        scalar|
|zext_ln138_2           |   in|   19|     ap_none|                                                                      zext_ln138_2|        scalar|
|out_fm_buf_0_address0  |  out|    9|   ap_memory|                                                                      out_fm_buf_0|         array|
|out_fm_buf_0_ce0       |  out|    1|   ap_memory|                                                                      out_fm_buf_0|         array|
|out_fm_buf_0_q0        |   in|   16|   ap_memory|                                                                      out_fm_buf_0|         array|
|out_fm_buf_1_address0  |  out|    9|   ap_memory|                                                                      out_fm_buf_1|         array|
|out_fm_buf_1_ce0       |  out|    1|   ap_memory|                                                                      out_fm_buf_1|         array|
|out_fm_buf_1_q0        |   in|   16|   ap_memory|                                                                      out_fm_buf_1|         array|
|out_fm_buf_2_address0  |  out|    9|   ap_memory|                                                                      out_fm_buf_2|         array|
|out_fm_buf_2_ce0       |  out|    1|   ap_memory|                                                                      out_fm_buf_2|         array|
|out_fm_buf_2_q0        |   in|   16|   ap_memory|                                                                      out_fm_buf_2|         array|
|out_fm_buf_3_address0  |  out|    9|   ap_memory|                                                                      out_fm_buf_3|         array|
|out_fm_buf_3_ce0       |  out|    1|   ap_memory|                                                                      out_fm_buf_3|         array|
|out_fm_buf_3_q0        |   in|   16|   ap_memory|                                                                      out_fm_buf_3|         array|
|width_offset           |   in|   10|     ap_none|                                                                      width_offset|        scalar|
+-----------------------+-----+-----+------------+----------------------------------------------------------------------------------+--------------+

